 ph              0.0   1.0   2.0   3.0   4.0   5.0   6.0   7.0   8.0   9.0  10.0  11.0  12.0  13.0  14.0
NTR01A0001_001 0.000 0.000 0.000 0.000 0.000 0.000 0.000 0.000 0.000 0.000 0.000 0.000 0.000 0.000 0.000
NTR+1A0001_002 0.000 0.000 0.000 0.000 0.000 0.000 0.000 0.000 0.000 0.000 0.000 0.000 0.000 0.000 0.000
ARG01A0001_001 0.000 0.000 0.000 0.000 0.000 0.000 0.000 0.000 0.000 0.000 0.000 0.409 0.553 0.546 0.544
ARG02A0001_002 0.000 0.000 0.000 0.000 0.000 0.000 0.000 0.000 0.000 0.000 0.000 0.409 0.553 0.546 0.544
ARG03A0001_003 0.000 0.000 0.000 0.000 0.000 0.000 0.000 0.000 0.000 0.000 0.000 0.409 0.553 0.546 0.544
ARG03A0001_004 0.000 0.000 0.000 0.000 0.000 0.000 0.000 0.000 0.000 0.000 0.000 0.409 0.553 0.546 0.544
ARG+1A0001_005 0.000 0.000 0.000 0.000 0.000 0.000 0.000 0.000 0.000 0.000 0.000 0.000 0.000 0.000 0.000
PRO01A0002_001 0.000 0.000 0.000 0.000 0.000 0.000 0.000 0.000 0.000 0.000 0.000 0.000 0.000 0.000 0.000
ASP01A0003_001 0.699 0.699 0.699 0.700 0.701 0.699 0.519 0.000 0.000 0.000 0.000 0.000 0.000 0.000 0.000
ASP01A0003_002 0.699 0.699 0.699 0.700 0.701 0.699 0.519 0.000 0.000 0.000 0.000 0.000 0.000 0.000 0.000
ASP02A0003_003 0.699 0.699 0.699 0.700 0.701 0.699 0.519 0.000 0.000 0.000 0.000 0.000 0.000 0.000 0.000
ASP02A0003_004 0.699 0.699 0.699 0.700 0.701 0.699 0.519 0.000 0.000 0.000 0.000 0.000 0.000 0.000 0.000
ASP-1A0003_005 0.000 0.000 0.000 0.000 0.000 0.000 0.000 0.000 0.000 0.000 0.000 0.000 0.000 0.000 0.000
PHE01A0004_001 0.000 0.000 0.000 0.000 0.000 0.000 0.000 0.000 0.000 0.000 0.000 0.000 0.000 0.000 0.000
CYD01A0005_001 0.000 0.000 0.000 0.000 0.000 0.000 0.000 0.000 0.000 0.000 0.000 0.000 0.000 0.000 0.000
LEU01A0006_001 0.000 0.000 0.000 0.000 0.000 0.000 0.000 0.000 0.000 0.000 0.000 0.000 0.000 0.000 0.000
GLU01A0007_001 0.310 0.310 0.311 0.307 0.294 0.301 0.293 0.295 0.303 0.000 0.000 0.000 0.000 0.000 0.000
GLU01A0007_002 0.310 0.310 0.311 0.307 0.294 0.301 0.293 0.295 0.303 0.000 0.000 0.000 0.000 0.000 0.000
GLU02A0007_003 0.310 0.310 0.311 0.307 0.294 0.301 0.293 0.295 0.303 0.000 0.000 0.000 0.000 0.000 0.000
GLU02A0007_004 0.310 0.310 0.311 0.307 0.294 0.301 0.293 0.295 0.303 0.000 0.000 0.000 0.000 0.000 0.000
GLU-1A0007_005 0.000 0.000 0.000 0.000 0.000 0.000 0.000 0.000 0.000 0.000 0.000 0.000 0.000 0.000 0.000
PRO01A0008_001 0.000 0.000 0.000 0.000 0.000 0.000 0.000 0.000 0.000 0.000 0.000 0.000 0.000 0.000 0.000
PRO01A0009_001 0.000 0.000 0.000 0.000 0.000 0.000 0.000 0.000 0.000 0.000 0.000 0.000 0.000 0.000 0.000
TYR01A0010_001 0.000 0.000 0.000 0.000 0.000 0.000 0.000 0.000 0.000 0.000 0.000 0.000 0.000 0.000 0.000
TYR-1A0010_002 0.000 0.000 0.000 0.000 0.000 0.000 0.000 0.000 0.000 0.000 0.000 0.000 0.000 0.000 0.000
THR01A0011_001 0.341 0.341 0.341 0.340 0.340 0.340 0.339 0.339 0.332 0.310 0.299 0.299 0.285 0.269 0.266
THR01A0011_002 0.341 0.341 0.341 0.340 0.340 0.340 0.339 0.339 0.332 0.310 0.299 0.299 0.285 0.269 0.266
PRO01A0013_001 0.000 0.000 0.000 0.000 0.000 0.000 0.000 0.000 0.000 0.000 0.000 0.000 0.000 0.000 0.000
CYD01A0014_001 0.000 0.000 0.000 0.000 0.000 0.000 0.000 0.000 0.000 0.000 0.000 0.000 0.000 0.000 0.000
LYS01A0015_001 0.000 0.000 0.000 0.000 0.000 0.000 0.000 0.000 0.000 0.000 0.000 0.000 0.000 0.000 0.000
LYS+1A0015_002 0.000 0.000 0.000 0.000 0.000 0.000 0.000 0.000 0.000 0.000 0.000 0.000 0.000 0.000 0.000
ALA01A0016_001 0.000 0.000 0.000 0.000 0.000 0.000 0.000 0.000 0.000 0.000 0.000 0.000 0.000 0.000 0.000
ARG01A0017_001 0.000 0.000 0.000 0.000 0.000 0.000 0.000 0.000 0.000 0.000 0.000 0.437 0.455 0.452 0.464
ARG02A0017_002 0.000 0.000 0.000 0.000 0.000 0.000 0.000 0.000 0.000 0.000 0.000 0.437 0.455 0.452 0.464
ARG03A0017_003 0.000 0.000 0.000 0.000 0.000 0.000 0.000 0.000 0.000 0.000 0.000 0.437 0.455 0.452 0.464
ARG+1A0017_004 0.000 0.000 0.000 0.000 0.000 0.000 0.000 0.000 0.000 0.000 0.000 0.000 0.000 0.000 0.000
ILE01A0018_001 0.000 0.000 0.000 0.000 0.000 0.000 0.000 0.000 0.000 0.000 0.000 0.000 0.000 0.000 0.000
ILE01A0019_001 0.000 0.000 0.000 0.000 0.000 0.000 0.000 0.000 0.000 0.000 0.000 0.000 0.000 0.000 0.000
ARG01A0020_001 0.000 0.000 0.000 0.000 0.000 0.000 0.000 0.000 0.000 0.000 0.000 0.294 0.000 0.581 0.550
ARG02A0020_002 0.000 0.000 0.000 0.000 0.000 0.000 0.000 0.000 0.000 0.000 0.000 0.294 0.000 0.581 0.550
ARG02A0020_003 0.000 0.000 0.000 0.000 0.000 0.000 0.000 0.000 0.000 0.000 0.000 0.294 0.000 0.581 0.550
ARG03A0020_004 0.000 0.000 0.000 0.000 0.000 0.000 0.000 0.000 0.000 0.000 0.000 0.294 0.000 0.581 0.550
ARG+1A0020_005 0.000 0.000 0.000 0.000 0.000 0.000 0.000 0.000 0.000 0.000 0.000 0.000 0.000 0.000 0.000
TYR01A0021_001 0.000 0.000 0.000 0.000 0.000 0.000 0.000 0.000 0.000 0.000 0.000 0.000 0.000 0.000 0.000
TYR-1A0021_002 0.000 0.000 0.000 0.000 0.000 0.000 0.000 0.000 0.000 0.000 0.000 0.000 0.000 0.000 0.000
PHE01A0022_001 0.000 0.000 0.000 0.000 0.000 0.000 0.000 0.000 0.000 0.000 0.000 0.000 0.000 0.000 0.000
TYR01A0023_001 0.000 0.000 0.000 0.000 0.000 0.000 0.000 0.000 0.000 0.000 0.000 0.000 0.000 0.000 0.000
TYR-1A0023_002 0.000 0.000 0.000 0.000 0.000 0.000 0.000 0.000 0.000 0.000 0.000 0.000 0.000 0.000 0.000
ASN01A0024_001 0.000 0.000 0.000 0.004 0.004 0.004 0.000 0.000 0.000 0.000 0.003 0.000 0.000 0.000 0.000
ASN01A0024_002 0.000 0.000 0.000 0.004 0.004 0.004 0.000 0.000 0.000 0.000 0.003 0.000 0.000 0.000 0.000
ALA01A0025_001 0.000 0.000 0.000 0.000 0.000 0.000 0.000 0.000 0.000 0.000 0.000 0.000 0.000 0.000 0.000
LYS01A0026_001 0.000 0.000 0.000 0.000 0.000 0.000 0.000 0.000 0.000 0.000 0.000 0.000 0.000 0.000 0.000
LYS+1A0026_002 0.000 0.000 0.000 0.000 0.000 0.000 0.000 0.000 0.000 0.000 0.000 0.000 0.000 0.000 0.000
ALA01A0027_001 0.000 0.000 0.000 0.000 0.000 0.000 0.000 0.000 0.000 0.000 0.000 0.000 0.000 0.000 0.000
LEU01A0029_001 0.000 0.000 0.000 0.000 0.000 0.000 0.000 0.000 0.000 0.000 0.000 0.000 0.000 0.000 0.000
CYD01A0030_001 0.000 0.000 0.000 0.000 0.000 0.000 0.000 0.000 0.000 0.000 0.000 0.000 0.000 0.000 0.000
GLN01A0031_001 0.131 0.131 0.131 0.132 0.132 0.132 0.133 0.134 0.135 0.138 0.144 0.149 0.152 0.148 0.157
GLN01A0031_002 0.131 0.131 0.131 0.132 0.132 0.132 0.133 0.134 0.135 0.138 0.144 0.149 0.152 0.148 0.157
THR01A0032_001 0.000 0.000 0.000 0.000 0.000 0.000 0.000 0.000 0.000 0.000 0.000 0.000 0.000 0.000 0.000
PHE01A0033_001 0.000 0.000 0.000 0.000 0.000 0.000 0.000 0.000 0.000 0.000 0.000 0.000 0.000 0.000 0.000
VAL01A0034_001 0.000 0.000 0.000 0.000 0.000 0.000 0.000 0.000 0.000 0.000 0.000 0.000 0.000 0.000 0.000
TYR01A0035_001 0.000 0.000 0.000 0.000 0.000 0.000 0.000 0.000 0.000 0.000 0.000 0.000 0.000 0.000 0.000
TYR-1A0035_002 0.000 0.000 0.000 0.000 0.000 0.000 0.000 0.000 0.000 0.000 0.000 0.000 0.000 0.000 0.000
CYD01A0038_001 0.000 0.000 0.000 0.000 0.000 0.000 0.000 0.000 0.000 0.000 0.000 0.000 0.000 0.000 0.000
ARG01A0039_001 0.000 0.000 0.000 0.000 0.000 0.000 0.000 0.000 0.000 0.000 0.617 0.591 0.568 0.501 0.493
ARG02A0039_002 0.000 0.000 0.000 0.000 0.000 0.000 0.000 0.000 0.000 0.000 0.617 0.591 0.568 0.501 0.493
ARG03A0039_003 0.000 0.000 0.000 0.000 0.000 0.000 0.000 0.000 0.000 0.000 0.617 0.591 0.568 0.501 0.493
ARG+1A0039_004 0.000 0.000 0.000 0.000 0.000 0.000 0.000 0.000 0.000 0.000 0.000 0.000 0.000 0.000 0.000
ALA01A0040_001 0.000 0.000 0.000 0.000 0.000 0.000 0.000 0.000 0.000 0.000 0.000 0.000 0.000 0.000 0.000
LYS01A0041_001 0.000 0.000 0.000 0.000 0.000 0.000 0.000 0.000 0.000 0.000 0.000 0.000 0.000 0.000 0.000
LYS+1A0041_002 0.000 0.000 0.000 0.000 0.000 0.000 0.000 0.000 0.000 0.000 0.000 0.000 0.000 0.000 0.000
ARG01A0042_001 0.000 0.000 0.000 0.000 0.000 0.000 0.000 0.000 0.000 0.000 0.000 0.000 0.492 0.506 0.518
ARG02A0042_002 0.000 0.000 0.000 0.000 0.000 0.000 0.000 0.000 0.000 0.000 0.000 0.000 0.492 0.506 0.518
ARG03A0042_003 0.000 0.000 0.000 0.000 0.000 0.000 0.000 0.000 0.000 0.000 0.000 0.000 0.492 0.506 0.518
ARG+1A0042_004 0.000 0.000 0.000 0.000 0.000 0.000 0.000 0.000 0.000 0.000 0.000 0.000 0.000 0.000 0.000
ASN01A0043_001 0.000 0.000 0.000 0.000 0.000 0.000 0.000 0.000 0.000 0.000 0.000 0.000 0.000 0.000 0.000
ASN01A0044_001 0.000 0.000 0.000 0.000 0.000 0.000 0.000 0.000 0.000 0.000 0.000 0.000 0.000 0.000 0.000
ASN01A0044_002 0.000 0.000 0.000 0.000 0.000 0.000 0.000 0.000 0.000 0.000 0.000 0.000 0.000 0.000 0.000
PHE01A0045_001 0.000 0.000 0.000 0.000 0.000 0.000 0.000 0.000 0.000 0.000 0.000 0.000 0.000 0.000 0.000
LYS01A0046_001 0.000 0.000 0.000 0.000 0.000 0.000 0.000 0.000 0.000 0.000 0.000 0.000 0.000 0.000 0.000
LYS+1A0046_002 0.000 0.000 0.000 0.000 0.000 0.000 0.000 0.000 0.000 0.000 0.000 0.000 0.000 0.000 0.000
SER01A0047_001 0.034 0.054 0.121 0.158 0.155 0.148 0.148 0.148 0.150 0.155 0.156 0.174 0.185 0.201 0.174
SER01A0047_002 0.034 0.054 0.121 0.158 0.155 0.148 0.148 0.148 0.150 0.155 0.156 0.174 0.185 0.201 0.174
SER01A0047_003 0.034 0.054 0.121 0.158 0.155 0.148 0.148 0.148 0.150 0.155 0.156 0.174 0.185 0.201 0.174
ALA01A0048_001 0.000 0.000 0.000 0.000 0.000 0.000 0.000 0.000 0.000 0.000 0.000 0.000 0.000 0.000 0.000
GLU01A0049_001 0.402 0.402 0.403 0.404 0.403 0.403 0.188 0.000 0.000 0.000 0.000 0.000 0.000 0.000 0.000
GLU01A0049_002 0.402 0.402 0.403 0.404 0.403 0.403 0.188 0.000 0.000 0.000 0.000 0.000 0.000 0.000 0.000
GLU02A0049_003 0.402 0.402 0.403 0.404 0.403 0.403 0.188 0.000 0.000 0.000 0.000 0.000 0.000 0.000 0.000
GLU02A0049_004 0.402 0.402 0.403 0.404 0.403 0.403 0.188 0.000 0.000 0.000 0.000 0.000 0.000 0.000 0.000
GLU-1A0049_005 0.000 0.000 0.000 0.000 0.000 0.000 0.000 0.000 0.000 0.000 0.000 0.000 0.000 0.000 0.000
ASP01A0050_001 0.587 0.583 0.588 0.590 0.586 0.000 0.000 0.000 0.000 0.000 0.000 0.000 0.000 0.000 0.000
ASP01A0050_002 0.587 0.583 0.588 0.590 0.586 0.000 0.000 0.000 0.000 0.000 0.000 0.000 0.000 0.000 0.000
ASP02A0050_003 0.587 0.583 0.588 0.590 0.586 0.000 0.000 0.000 0.000 0.000 0.000 0.000 0.000 0.000 0.000
ASP02A0050_004 0.587 0.583 0.588 0.590 0.586 0.000 0.000 0.000 0.000 0.000 0.000 0.000 0.000 0.000 0.000
ASP-1A0050_005 0.000 0.000 0.000 0.000 0.000 0.000 0.000 0.000 0.000 0.000 0.000 0.000 0.000 0.000 0.000
CYD01A0051_001 0.000 0.000 0.000 0.000 0.000 0.000 0.000 0.000 0.000 0.000 0.000 0.000 0.000 0.000 0.000
MET01A0052_001 0.000 0.000 0.000 0.000 0.000 0.000 0.000 0.000 0.000 0.000 0.000 0.000 0.000 0.000 0.000
ARG01A0053_001 0.000 0.000 0.000 0.000 0.000 0.000 0.000 0.000 0.000 0.000 0.000 0.000 0.577 0.557 0.589
ARG02A0053_002 0.000 0.000 0.000 0.000 0.000 0.000 0.000 0.000 0.000 0.000 0.000 0.000 0.577 0.557 0.589
ARG03A0053_003 0.000 0.000 0.000 0.000 0.000 0.000 0.000 0.000 0.000 0.000 0.000 0.000 0.577 0.557 0.589
ARG03A0053_004 0.000 0.000 0.000 0.000 0.000 0.000 0.000 0.000 0.000 0.000 0.000 0.000 0.577 0.557 0.589
ARG+1A0053_005 0.000 0.000 0.000 0.000 0.000 0.000 0.000 0.000 0.000 0.000 0.000 0.000 0.000 0.000 0.000
THR01A0054_001 0.402 0.403 0.408 0.410 0.410 0.410 0.410 0.410 0.410 0.410 0.411 0.410 0.411 0.410 0.265
THR01A0054_002 0.402 0.403 0.408 0.410 0.410 0.410 0.410 0.410 0.410 0.410 0.411 0.410 0.411 0.410 0.265
CYD01A0055_001 0.000 0.000 0.000 0.000 0.000 0.000 0.000 0.000 0.000 0.000 0.000 0.000 0.000 0.000 0.000
ALA01A0058_001 0.000 0.000 0.000 0.000 0.000 0.000 0.000 0.000 0.000 0.000 0.000 0.000 0.000 0.000 0.000
CTR01A0058_001 0.786 0.786 0.787 0.787 0.788 0.788 0.410 0.000 0.000 0.000 0.000 0.000 0.000 0.000 0.000
CTR01A0058_002 0.786 0.786 0.787 0.787 0.788 0.788 0.410 0.000 0.000 0.000 0.000 0.000 0.000 0.000 0.000
CTR02A0058_003 0.786 0.786 0.787 0.787 0.788 0.788 0.410 0.000 0.000 0.000 0.000 0.000 0.000 0.000 0.000
CTR02A0058_004 0.786 0.786 0.787 0.787 0.788 0.788 0.410 0.000 0.000 0.000 0.000 0.000 0.000 0.000 0.000
CTR-1A0058_005 0.000 0.000 0.000 0.000 0.000 0.000 0.000 0.000 0.000 0.000 0.000 0.000 0.000 0.000 0.000
