CONFORMER         crg  vdw0  vdw1  tors  epol  self   occ  Hb     history    ASA
NTR01A0001_001  0.000 -1.84 -1.19  2.80  0.00 -0.24 1.000  00  01O000M000  0.494
NTR+1A0001_002  1.000 -1.85 -1.26  0.00  0.00 -3.10 1.000  00  +1O000M000  0.494
ARG01A0001_001  0.000 -3.23 -4.74  1.44  0.00 -6.53 1.000  00  01O000M000  0.780
ARG02A0001_002  0.000 -3.27 -4.69  1.44  0.00 -6.51 1.000  00  02O000M000  0.780
ARG03A0001_003  0.000 -3.27 -4.68  1.44  0.00 -6.50 1.000  00  03O000M000  0.780
ARG03A0001_004  0.000 -3.27 -4.61  1.44  0.00 -6.43 1.000  00  03O000M000  0.780
ARG+1A0001_005  1.000 -3.31 -4.70  1.44  0.00 -6.57 1.000  00  +1O000M000  0.780
PRO01A0002_001  0.000 -3.30 -2.80  0.00  0.00 -6.10 1.000  00  01O000M000  0.729
ASP01A0003_001  0.000 -2.58  1.04  3.44  0.00  1.91 1.000  00  01O000M000  0.991
ASP01A0003_002  0.000 -2.58  1.04  0.72  0.00 -0.81 1.000  00  01O000M000  0.991
ASP02A0003_003  0.000 -2.64  0.57  3.44  0.00  1.37 1.000  00  02O000M000  1.043
ASP02A0003_004  0.000 -2.64  0.57  0.72  0.00 -1.35 1.000  00  02O000M000  1.043
ASP-1A0003_005 -1.000 -2.58  0.60  0.72  0.00 -1.25 1.000  00  -1O000M000  1.014
PHE01A0004_001  0.000 -1.30 -5.67  0.07  0.00 -6.90 1.000  00  01O000M000  0.765
CYD01A0005_001  0.000 -1.80 -3.09  0.00  0.00 -4.89 1.000  00  01O000M000  0.507
LEU01A0006_001  0.000 -4.95 -1.15  0.49  0.00 -5.60 1.000  00  01O000M000  0.906
GLU01A0007_001  0.000 -0.24 -3.07  3.36  0.00  0.05 1.000  00  01O000M000  0.569
GLU01A0007_002  0.000 -0.24 -3.07  0.64  0.00 -2.67 1.000  00  01O000M000  0.569
GLU02A0007_003  0.000 -0.03 -3.06  3.36  0.00  0.27 1.000  00  02O000M000  0.567
GLU02A0007_004  0.000 -0.03 -3.06  0.64  0.00 -2.45 1.000  00  02O000M000  0.567
GLU-1A0007_005 -1.000 -0.30 -2.99  0.64  0.00 -2.65 1.000  00  -1O000M000  0.565
PRO01A0008_001  0.000 -4.20  0.48  0.00  0.00 -3.72 1.000  00  01O000M000  0.888
PRO01A0009_001  0.000 -3.44 -0.32  0.00  0.00 -3.77 1.000  00  01O000M000  0.732
TYR01A0010_001  0.000 -1.87 -5.08  0.02  0.00 -6.93 1.000  00  01O000M000  0.853
TYR-1A0010_002 -1.000 -1.87 -5.08  0.02  0.00 -6.93 1.000  00  -1O000M000  0.853
THR01A0011_001  0.000 -3.77 -0.98  0.62  0.00 -4.14 0.664  00  01O000M000  0.884
THR01A0011_002  0.000 -3.77 -0.98  0.62  0.00 -4.14 0.664  00  01O000M000  0.884
PRO01A0013_001  0.000 -3.72  2.08  0.00  0.00 -1.64 1.000  00  01O000M000  0.816
CYD01A0014_001  0.000 -2.39 -1.73  0.00  0.00 -4.12 1.000  00  01O000M000  0.670
LYS01A0015_001  0.000 -6.48 -0.21  1.07  0.00 -5.62 1.000  00  01O000M000  0.990
LYS+1A0015_002  1.000 -6.53 -0.22  1.07  0.00 -5.67 1.000  00  +1O000M000  0.990
ALA01A0016_001  0.000 -2.22 -0.28  0.00  0.00 -2.50 1.000  00  01O000M000  0.846
ARG01A0017_001  0.000  0.09 -1.02  1.12  0.00  0.20 1.000  00  01O000M000  0.990
ARG02A0017_002  0.000  0.04 -1.02  1.12  0.00  0.14 1.000  00  02O000M000  0.990
ARG03A0017_003  0.000  0.03 -1.03  1.12  0.00  0.13 1.000  00  03O000M000  0.990
ARG+1A0017_004  1.000 -0.01 -1.03  1.12  0.00  0.09 1.000  00  +1O000M000  0.990
ILE01A0018_001  0.000 -2.24 -1.67  0.40  0.00 -3.50 1.000  00  01O000M000  0.815
ILE01A0019_001  0.000 -3.68 -0.17  0.57  0.00 -3.29 1.000  00  01O000M000  0.939
ARG01A0020_001  0.000 -5.33 -4.57  1.11  0.00 -8.79 1.000  00  01O000M000  0.718
ARG02A0020_002  0.000 -5.34 -4.58  1.11  0.00 -8.82 1.000  00  02O000M000  0.718
ARG02A0020_003  0.000 -5.27 -4.56  1.11  0.00 -8.72 1.000  00  02O000M000  0.718
ARG03A0020_004  0.000 -5.35 -4.59  1.11  0.00 -8.83 1.000  00  03O000M000  0.718
ARG+1A0020_005  1.000 -5.39 -4.59  1.11  0.00 -8.88 1.000  00  +1O000M000  0.718
TYR01A0021_001  0.000 -1.87-11.79  0.36  0.00-13.30 1.000  00  01O000M000  0.817
TYR-1A0021_002 -1.000 -1.87-11.79  0.36  0.00-13.30 1.000  00  -1O000M000  0.817
PHE01A0022_001  0.000 -0.77-10.13  0.16  0.00-10.75 1.000  00  01O000M000  0.684
TYR01A0023_001  0.000 -1.31-12.57  0.00  0.00-13.88 1.000  00  01O000M000  0.751
TYR-1A0023_002 -1.000 -1.31-12.57  0.00  0.00-13.88 1.000  00  -1O000M000  0.751
ASN01A0024_001  0.000 -1.10 -1.29  0.21  0.00 -2.18 0.748  00  01O000M000  0.562
ASN01A0024_002  0.000 -1.31  1.07  0.23  0.00 -0.01 0.752  00  01R001M000  0.526
ALA01A0025_001  0.000 -2.11 -1.05  0.00  0.00 -3.16 1.000  00  01O000M000  0.830
LYS01A0026_001  0.000 -5.48 -0.42  1.08  0.00 -4.83 1.000  00  01O000M000  0.976
LYS+1A0026_002  1.000 -5.57 -0.43  1.08  0.00 -4.92 1.000  00  +1O000M000  0.976
ALA01A0027_001  0.000 -2.05 -1.36  0.00  0.00 -3.42 1.000  00  01O000M000  0.806
LEU01A0029_001  0.000 -4.68  1.46  0.68  0.00 -2.55 1.000  00  01O000M000  0.919
CYD01A0030_001  0.000 -1.91 -4.84  0.00  0.00 -6.75 1.000  00  01O000M000  0.539
GLN01A0031_001  0.000  0.60 -1.77  0.33  0.00 -0.84 0.752  00  01O000M000  0.740
GLN01A0031_002  0.000 -0.51 -1.73  0.37  0.00 -1.87 0.748  00  01R001M000  0.713
THR01A0032_001  0.000 -3.56 -0.93  0.56  0.00 -3.93 0.665  00  01O000M000  0.874
PHE01A0033_001  0.000 -1.62-11.92  0.43  0.00-13.11 1.000  00  01O000M000  0.749
VAL01A0034_001  0.000 -4.59 -1.72  0.00  0.00 -6.31 1.000  00  01O000M000  0.929
TYR01A0035_001  0.000 -1.25-11.63  0.06  0.00-12.82 1.000  00  01O000M000  0.686
TYR-1A0035_002 -1.000 -1.25-11.63  0.06  0.00-12.82 1.000  00  -1O000M000  0.686
CYD01A0038_001  0.000 -2.12 -2.13  0.00  0.00 -4.26 1.000  00  01O000M000  0.620
ARG01A0039_001  0.000 -4.73  0.81  0.94  0.00 -2.98 1.000  00  01O000M000  0.918
ARG02A0039_002  0.000 -4.77  0.80  0.94  0.00 -3.02 1.000  00  02O000M000  0.918
ARG03A0039_003  0.000 -4.78  0.80  0.94  0.00 -3.03 1.000  00  03O000M000  0.918
ARG+1A0039_004  1.000 -4.81  0.80  0.94  0.00 -3.07 1.000  00  +1O000M000  0.918
ALA01A0040_001  0.000 -1.92 -0.47  0.00  0.00 -2.39 1.000  00  01O000M000  0.771
LYS01A0041_001  0.000 -4.74 -2.08  2.02  0.00 -4.80 1.000  00  01O000M000  0.895
LYS+1A0041_002  1.000 -4.79 -2.09  2.02  0.00 -4.86 1.000  00  +1O000M000  0.895
ARG01A0042_001  0.000 -4.82 -1.04  2.56  0.00 -3.30 1.000  00  01O000M000  0.919
ARG02A0042_002  0.000 -4.81 -1.05  2.56  0.00 -3.31 1.000  00  02O000M000  0.919
ARG03A0042_003  0.000 -4.87 -1.05  2.56  0.00 -3.36 1.000  00  03O000M000  0.919
ARG+1A0042_004  1.000 -4.91 -1.05  2.56  0.00 -3.41 1.000  00  +1O000M000  0.919
ASN01A0043_001  0.000 -0.71  0.99  0.41  0.00  0.69 1.000  00  01O000M000  0.290
ASN01A0044_001  0.000 -0.60 -2.89  0.50  0.00 -2.99 0.748  00  01O000M000  0.317
ASN01A0044_002  0.000 -0.97 -1.01  0.24  0.00 -1.74 0.752  00  01R001M000  0.396
PHE01A0045_001  0.000 -1.09-10.98  0.04  0.00-12.04 1.000  00  01O000M000  0.669
LYS01A0046_001  0.000 -6.19  0.60  1.44  0.00 -4.16 1.000  00  01O000M000  0.988
LYS+1A0046_002  1.000 -6.24  0.59  1.44  0.00 -4.20 1.000  00  +1O000M000  0.988
SER01A0047_001  0.000 -2.34 -0.72  0.68  0.00 -2.38 0.666  00  01O000M000  0.811
SER01A0047_002  0.000 -2.34 -0.72  0.68  0.00 -2.38 0.666  00  01O000M000  0.811
SER01A0047_003  0.000 -2.34 -0.72  0.30  0.00 -2.76 0.666  00  01O000M000  0.811
ALA01A0048_001  0.000 -2.17 -0.84  0.00  0.00 -3.01 1.000  00  01O000M000  0.841
GLU01A0049_001  0.000 -1.26 -1.08  4.44  0.00  2.10 1.000  00  01O000M000  0.874
GLU01A0049_002  0.000 -1.26 -1.08  1.72  0.00 -0.62 1.000  00  01O000M000  0.874
GLU02A0049_003  0.000 -0.91 -0.63  4.44  0.00  2.89 1.000  00  02O000M000  0.848
GLU02A0049_004  0.000 -0.91 -0.63  1.72  0.00  0.17 1.000  00  02O000M000  0.848
GLU-1A0049_005 -1.000 -1.20 -1.05  1.72  0.00 -0.53 1.000  00  -1O000M000  0.860
ASP01A0050_001  0.000 -1.95 -0.09  3.75  0.00  1.71 1.000  00  01O000M000  0.821
ASP01A0050_002  0.000 -1.95 -0.09  1.03  0.00 -1.01 1.000  00  01O000M000  0.821
ASP02A0050_003  0.000 -1.83 -0.56  3.75  0.00  1.37 1.000  00  02O000M000  0.805
ASP02A0050_004  0.000 -1.83 -0.56  1.03  0.00 -1.35 1.000  00  02O000M000  0.805
ASP-1A0050_005 -1.000 -1.89 -0.49  1.03  0.00 -1.35 1.000  00  -1O000M000  0.801
CYD01A0051_001  0.000 -1.53 -5.52  0.00  0.00 -7.05 1.000  00  01O000M000  0.430
MET01A0052_001  0.000 -5.58 -5.64  0.53  0.00-10.69 1.000  00  01O000M000  0.881
ARG01A0053_001  0.000 -4.99 -4.07  1.46  0.00 -7.60 1.000  00  01O000M000  0.900
ARG02A0053_002  0.000 -4.98 -4.09  1.46  0.00 -7.60 1.000  00  02O000M000  0.900
ARG03A0053_003  0.000 -5.04 -4.07  1.46  0.00 -7.65 1.000  00  03O000M000  0.900
ARG03A0053_004  0.000 -5.03 -4.06  1.46  0.00 -7.62 1.000  00  03O000M000  0.900
ARG+1A0053_005  1.000 -5.08 -4.10  1.46  0.00 -7.71 1.000  00  +1O000M000  0.900
THR01A0054_001  0.000 -3.38 -1.34  0.43  0.00 -4.30 0.663  00  01O000M000  0.778
THR01A0054_002  0.000 -3.38 -1.34  0.43  0.00 -4.30 0.663  00  01O000M000  0.778
CYD01A0055_001  0.000 -1.94 -2.35  0.00  0.00 -4.29 1.000  00  01O000M000  0.537
ALA01A0058_001  0.000 -2.51 -0.21  0.00  0.00 -2.72 1.000  00  01O000M000  0.981
CTR01A0058_001  0.000 -2.85  1.09  2.72  0.00  0.96 1.000  00  01O000M000  0.711
CTR01A0058_002  0.000 -2.66  0.86  0.00  0.00 -1.80 1.000  00  01O000M000  0.713
CTR02A0058_003  0.000 -2.84  3.23  2.72  0.00  3.11 1.000  00  02O000M000  0.714
CTR02A0058_004  0.000 -2.75  0.83  0.00  0.00 -1.92 1.000  00  02O000M000  0.720
CTR-1A0058_005 -1.000 -2.76  0.91  0.00  0.00 -1.84 1.000  00  -1O000M000  0.711
