iConf CONFORMER     FL  occ    crg   Em0  pKa0 ne nH    vdw0    vdw1    tors    epol   dsolv   extra    history
00001 NTR01A0001_001 f 0.00  0.000     0  0.00  0  0  -0.003  -1.959   2.800   0.005  -0.000   0.000 01O000M000 t
00002 NTR+1A0001_002 f 0.00  1.000     0  8.00  0  1  -0.005  -2.023   0.000   1.564   0.988  -1.300 +1O000M000 t
00003 ARG01A0001_001 f 0.00  0.000     0  0.00  0  0  -1.303  -8.662   1.444   1.014   2.003   0.000 01O000M000 t
00004 ARG02A0001_002 f 0.00  0.000     0  0.00  0  0  -1.339  -8.756   1.444  -1.126   2.423   0.000 02O000M000 t
00005 ARG03A0001_003 f 0.00  0.000     0  0.00  0  0  -1.346  -8.742   1.444  -1.154   2.330   0.000 03O000M000 t
00006 ARG03A0001_004 f 0.00  0.000     0  0.00  0  0  -1.341  -8.675   1.444  -0.514   2.266   0.000 03O000M000 t
00007 ARG+1A0001_005 f 0.00  1.000     0 12.50  0  1  -1.388  -8.762   1.444  -3.009   4.246   0.000 +1O000M000 t
00008 PRO01A0002_001 f 0.00  0.000     0  0.00  0  0  -0.126  -3.877   0.000   0.000   0.000   0.000 01O000M000 t
00009 ASP01A0003_001 f 0.00  0.000     0  0.00  0  0  -0.089  -2.380   3.445   0.576   0.017   0.000 01O000M000 t
00010 ASP01A0003_002 f 0.00  0.000     0  0.00  0  0  -0.089  -2.380   0.725   0.257   0.501   0.000 01O000M000 t
00011 ASP02A0003_003 f 0.00  0.000     0  0.00  0  0  -0.084  -2.400   3.445   0.361  -0.438   0.000 02O000M000 t
00012 ASP02A0003_004 f 0.00  0.000     0  0.00  0  0  -0.084  -2.400   0.725   0.272   0.762   0.000 02O000M000 t
00013 ASP-1A0003_005 f 0.00 -1.000     0  4.75  0 -1  -0.090  -2.369   0.725  -0.362   0.166  -0.850 -1O000M000 t
00014 PHE01A0004_001 f 0.00  0.000     0  0.00  0  0  -0.527  -7.332   0.072   0.000   0.000   0.000 01O000M000 t
00015 CYD01A0005_001 f 0.00  0.000     0  0.00  0  0   0.000  -4.866   0.000   0.000   0.000   0.000 01O000M000 t
00016 LEU01A0006_001 f 0.00  0.000     0  0.00  0  0  -0.412  -5.173   0.492   0.000   0.000   0.000 01O000M000 t
00017 GLU01A0007_001 f 0.00  0.000     0  0.00  0  0  -0.316  -7.571   3.358  -0.922   1.014   0.000 01O000M000 t
00018 GLU01A0007_002 f 0.00  0.000     0  0.00  0  0  -0.316  -7.571   0.638  -0.599   2.014   0.000 01O000M000 t
00019 GLU02A0007_003 f 0.00  0.000     0  0.00  0  0  -0.300  -7.606   3.358  -0.849   1.706   0.000 02O000M000 t
00020 GLU02A0007_004 f 0.00  0.000     0  0.00  0  0  -0.300  -7.606   0.638   1.163   2.129   0.000 02O000M000 t
00021 GLU-1A0007_005 f 0.00 -1.000     0  4.75  0 -1  -0.318  -7.492   0.638  -2.048   6.118  -0.300 -1O000M000 t
00022 PRO01A0008_001 f 0.00  0.000     0  0.00  0  0  -0.127  -3.184   0.000   0.000   0.000   0.000 01O000M000 t
00023 PRO01A0009_001 f 0.00  0.000     0  0.00  0  0  -0.126  -3.515   0.000   0.000   0.000   0.000 01O000M000 t
00024 TYR01A0010_001 f 0.00  0.000     0  0.00  0  0  -0.728  -8.987   0.018  -0.385   0.869   0.000 01O000M000 t
00025 TYR-1A0010_002 f 0.00 -1.000     0 10.20  0 -1  -0.728  -8.987   0.018  -0.521   3.339  -0.500 -1O000M000 t
00026 THR01A0011_001 f 0.00  0.000     0  0.00  0  0  -0.072  -5.547   0.615  -1.116   1.023   0.000 01O000M000 t
00027 THR01A0011_002 f 0.00  0.000     0  0.00  0  0  -0.072  -5.547   0.615   0.199   0.466   0.000 01O000M000 t
00028 PRO01A0013_001 f 0.00  0.000     0  0.00  0  0  -0.127  -3.638   0.000   0.000   0.000   0.000 01O000M000 t
00029 CYD01A0014_001 f 0.00  0.000     0  0.00  0  0   0.000  -4.207   0.000   0.000   0.000   0.000 01O000M000 t
00030 LYS01A0015_001 f 0.00  0.000     0  0.00  0  0  -0.582  -4.344   1.074  -0.008   0.096   0.000 01O000M000 t
00031 LYS+1A0015_002 f 0.00  1.000     0 10.40  0  1  -0.629  -4.352   1.074  -0.382   0.127   0.400 +1O000M000 t
00032 ALA01A0016_001 f 0.00  0.000     0  0.00  0  0   0.000  -2.268   0.000   0.000   0.000   0.000 01O000M000 t
00033 ARG01A0017_001 f 0.00  0.000     0  0.00  0  0  -1.062  -3.833   1.124  -0.053   0.381   0.000 01O000M000 t
00034 ARG02A0017_002 f 0.00  0.000     0  0.00  0  0  -1.115  -3.839   1.124  -0.007   1.409   0.000 02O000M000 t
00035 ARG03A0017_003 f 0.00  0.000     0  0.00  0  0  -1.125  -3.841   1.124  -0.029   1.367   0.000 03O000M000 t
00036 ARG+1A0017_004 f 0.00  1.000     0 12.50  0  1  -1.164  -3.844   1.124  -0.072   0.172   0.000 +1O000M000 t
00037 ILE01A0018_001 f 0.00  0.000     0  0.00  0  0  -0.373  -6.913   0.403   0.000   0.000   0.000 01O000M000 t
00038 ILE01A0019_001 f 0.00  0.000     0  0.00  0  0  -0.400  -5.858   0.570   0.000   0.000   0.000 01O000M000 t
00039 ARG01A0020_001 f 0.00  0.000     0  0.00  0  0  -1.232  -9.479   1.106  -0.018   2.434   0.000 01O000M000 t
00040 ARG02A0020_002 f 0.00  0.000     0  0.00  0  0  -1.246  -9.492   1.106  -0.075   3.184   0.000 02O000M000 t
00041 ARG02A0020_003 f 0.00  0.000     0  0.00  0  0  -1.170  -9.472   1.106  -0.211   3.014   0.000 02O000M000 t
00042 ARG03A0020_004 f 0.00  0.000     0  0.00  0  0  -1.252  -9.497   1.106  -0.088   2.930   0.000 03O000M000 t
00043 ARG+1A0020_005 f 0.00  1.000     0 12.50  0  1  -1.291  -9.502   1.106   0.039   2.816   0.000 +1O000M000 t
00044 TYR01A0021_001 f 0.00  0.000     0  0.00  0  0  -0.737 -13.890   0.363  -0.036   0.791   0.000 01O000M000 t
00045 TYR-1A0021_002 f 0.00 -1.000     0 10.20  0 -1  -0.737 -13.890   0.363  -1.406   3.518  -0.500 -1O000M000 t
00046 PHE01A0022_001 f 0.00  0.000     0  0.00  0  0  -0.533 -11.966   0.160   0.000   0.000   0.000 01O000M000 t
00047 TYR01A0023_001 f 0.00  0.000     0  0.00  0  0  -0.736 -16.160   0.000   0.100   1.618   0.000 01O000M000 t
00048 TYR-1A0023_002 f 0.00 -1.000     0 10.20  0 -1  -0.736 -16.160   0.000  -0.054   7.728  -0.500 -1O000M000 t
00049 ASN01A0024_001 f 0.00  0.000     0  0.00  0  0  -0.131  -5.813   0.215  -1.173   1.404   0.000 01O000M000 t
00050 ASN01A0024_002 f 0.00  0.000     0  0.00  0  0  -0.128  -5.843   0.235   1.659   1.080   0.000 01R001M000 t
00051 ALA01A0025_001 f 0.00  0.000     0  0.00  0  0   0.000  -1.787   0.000   0.000   0.000   0.000 01O000M000 t
00052 LYS01A0026_001 f 0.00  0.000     0  0.00  0  0  -0.614  -2.582   1.076  -0.028   0.178   0.000 01O000M000 t
00053 LYS+1A0026_002 f 0.00  1.000     0 10.40  0  1  -0.702  -2.587   1.076   0.080   0.200   0.400 +1O000M000 t
00054 ALA01A0027_001 f 0.00  0.000     0  0.00  0  0   0.000  -2.100   0.000   0.000   0.000   0.000 01O000M000 t
00055 LEU01A0029_001 f 0.00  0.000     0  0.00  0  0  -0.381  -5.915   0.679   0.000   0.000   0.000 01O000M000 t
00056 CYD01A0030_001 f 0.00  0.000     0  0.00  0  0   0.000  -6.156   0.000   0.000   0.000   0.000 01O000M000 t
00057 GLN01A0031_001 f 0.00  0.000     0  0.00  0  0  -0.319  -4.592   0.326   0.061   0.963   0.000 01O000M000 t
00058 GLN01A0031_002 f 0.00  0.000     0  0.00  0  0  -0.356  -4.555   0.367  -0.045   0.775   0.000 01R001M000 t
00059 THR01A0032_001 f 0.00  0.000     0  0.00  0  0  -0.065  -3.977   0.558   0.094   0.192   0.000 01O000M000 t
00060 PHE01A0033_001 f 0.00  0.000     0  0.00  0  0  -0.545 -13.878   0.430   0.000   0.000   0.000 01O000M000 t
00061 VAL01A0034_001 f 0.00  0.000     0  0.00  0  0  -0.171  -5.287   0.001   0.000   0.000   0.000 01O000M000 t
00062 TYR01A0035_001 f 0.00  0.000     0  0.00  0  0  -0.760 -15.249   0.060  -0.254   2.126   0.000 01O000M000 t
00063 TYR-1A0035_002 f 0.00 -1.000     0 10.20  0 -1  -0.760 -15.249   0.060  -4.234   7.888  -0.500 -1O000M000 t
00064 CYD01A0038_001 f 0.00  0.000     0  0.00  0  0   0.000  -3.372   0.000   0.000   0.000   0.000 01O000M000 t
00065 ARG01A0039_001 f 0.00  0.000     0  0.00  0  0  -0.970  -3.583   0.945   0.075   0.118   0.000 01O000M000 t
00066 ARG02A0039_002 f 0.00  0.000     0  0.00  0  0  -1.010  -3.589   0.945   0.078   1.180   0.000 02O000M000 t
00067 ARG03A0039_003 f 0.00  0.000     0  0.00  0  0  -1.017  -3.590   0.945   0.083   1.061   0.000 03O000M000 t
00068 ARG+1A0039_004 f 0.00  1.000     0 12.50  0  1  -1.054  -3.590   0.945   0.295   0.282   0.000 +1O000M000 t
00069 ALA01A0040_001 f 0.00  0.000     0  0.00  0  0   0.000  -1.763   0.000   0.000   0.000   0.000 01O000M000 t
00070 LYS01A0041_001 f 0.00  0.000     0  0.00  0  0  -0.556  -4.030   2.016  -0.019   0.357   0.000 01O000M000 t
00071 LYS+1A0041_002 f 0.00  1.000     0 10.40  0  1  -0.604  -4.036   2.016   0.201   1.245   0.400 +1O000M000 t
00072 ARG01A0042_001 f 0.00  0.000     0  0.00  0  0  -1.045  -2.870   2.557   0.085   0.585   0.000 01O000M000 t
00073 ARG02A0042_002 f 0.00  0.000     0  0.00  0  0  -1.033  -2.881   2.557  -0.026   1.581   0.000 02O000M000 t
00074 ARG03A0042_003 f 0.00  0.000     0  0.00  0  0  -1.096  -2.881   2.557   0.064   1.383   0.000 03O000M000 t
00075 ARG+1A0042_004 f 0.00  1.000     0 12.50  0  1  -1.141  -2.883   2.557   0.270   0.565   0.000 +1O000M000 t
00076 ASN01A0043_001 f 0.00  0.000     0  0.00  0  0  -0.146  -9.666   0.414  -6.168   3.290   0.000 01O000M000 t
00077 ASN01A0044_001 f 0.00  0.000     0  0.00  0  0  -0.138  -5.841   0.505  -0.150   2.608   0.000 01O000M000 t
00078 ASN01A0044_002 f 0.00  0.000     0  0.00  0  0  -0.138  -5.798   0.237   0.812   2.703   0.000 01R001M000 t
00079 PHE01A0045_001 f 0.00  0.000     0  0.00  0  0  -0.541 -13.899   0.036   0.000   0.000   0.000 01O000M000 t
00080 LYS01A0046_001 f 0.00  0.000     0  0.00  0  0  -0.591  -2.549   1.444  -0.022   0.113   0.000 01O000M000 t
00081 LYS+1A0046_002 f 0.00  1.000     0 10.40  0  1  -0.637  -2.550   1.444   0.133   0.069   0.400 +1O000M000 t
00082 SER01A0047_001 f 0.00  0.000     0  0.00  0  0   0.000  -3.449   0.679  -0.705   1.507   0.000 01O000M000 t
00083 SER01A0047_002 f 0.00  0.000     0  0.00  0  0   0.000  -3.449   0.679   3.648   1.627   0.000 01O000M000 t
00084 SER01A0047_003 f 0.00  0.000     0  0.00  0  0   0.000  -3.449   0.304  -2.284   0.779   0.000 01O000M000 t
00085 ALA01A0048_001 f 0.00  0.000     0  0.00  0  0   0.000  -1.393   0.000   0.000   0.000   0.000 01O000M000 t
00086 GLU01A0049_001 f 0.00  0.000     0  0.00  0  0  -0.291  -3.817   4.441  -1.136  -0.113   0.000 01O000M000 t
00087 GLU01A0049_002 f 0.00  0.000     0  0.00  0  0  -0.291  -3.817   1.721  -1.081   1.196   0.000 01O000M000 t
00088 GLU02A0049_003 f 0.00  0.000     0  0.00  0  0  -0.271  -3.814   4.441   3.961   1.027   0.000 02O000M000 t
00089 GLU02A0049_004 f 0.00  0.000     0  0.00  0  0  -0.271  -3.814   1.721  -0.548   1.047   0.000 02O000M000 t
00090 GLU-1A0049_005 f 0.00 -1.000     0  4.75  0 -1  -0.291  -3.787   1.721  -2.628   1.186  -0.300 -1O000M000 t
00091 ASP01A0050_001 f 0.00  0.000     0  0.00  0  0  -0.081  -4.112   3.752   1.226   1.059   0.000 01O000M000 t
00092 ASP01A0050_002 f 0.00  0.000     0  0.00  0  0  -0.081  -4.112   1.032   0.236   0.810   0.000 01O000M000 t
00093 ASP02A0050_003 f 0.00  0.000     0  0.00  0  0  -0.075  -4.160   3.752   1.073   0.663   0.000 02O000M000 t
00094 ASP02A0050_004 f 0.00  0.000     0  0.00  0  0  -0.075  -4.160   1.032   0.249   1.073   0.000 02O000M000 t
00095 ASP-1A0050_005 f 0.00 -1.000     0  4.75  0 -1  -0.082  -4.091   1.032  -1.705   1.794  -0.850 -1O000M000 t
00096 CYD01A0051_001 f 0.00  0.000     0  0.00  0  0   0.000  -6.547   0.000   0.000   0.000   0.000 01O000M000 t
00097 MET01A0052_001 f 0.00  0.000     0  0.00  0  0  -0.376  -8.376   0.527  -0.182   0.086   0.000 01O000M000 t
00098 ARG01A0053_001 f 0.00  0.000     0  0.00  0  0  -1.295  -6.720   1.462   0.023   1.107   0.000 01O000M000 t
00099 ARG02A0053_002 f 0.00  0.000     0  0.00  0  0  -1.280  -6.740   1.462   0.102   1.833   0.000 02O000M000 t
00100 ARG03A0053_003 f 0.00  0.000     0  0.00  0  0  -1.341  -6.726   1.462  -0.001   2.109   0.000 03O000M000 t
00101 ARG03A0053_004 f 0.00  0.000     0  0.00  0  0  -1.335  -6.708   1.462  -0.107   2.025   0.000 03O000M000 t
00102 ARG+1A0053_005 f 0.00  1.000     0 12.50  0  1  -1.382  -6.748   1.462   0.404   1.146   0.000 +1O000M000 t
00103 THR01A0054_001 f 0.00  0.000     0  0.00  0  0  -0.081  -4.368   0.426  -0.101   0.335   0.000 01O000M000 t
00104 THR01A0054_002 f 0.00  0.000     0  0.00  0  0  -0.081  -4.368   0.426  -0.700   0.949   0.000 01O000M000 t
00105 CYD01A0055_001 f 0.00  0.000     0  0.00  0  0   0.000  -4.426   0.000   0.000   0.000   0.000 01O000M000 t
00106 ALA01A0058_001 f 0.00  0.000     0  0.00  0  0   0.000  -0.462   0.000   0.000   0.000   0.000 01O000M000 t
00107 CTR01A0058_001 f 0.00  0.000     0  0.00  0  0  -0.025  -1.284   2.720   0.086  -1.052   0.000 01O000M000 t
00108 CTR01A0058_002 f 0.00  0.000     0  0.00  0  0  -0.010  -1.274   0.000   0.001  -0.675   0.000 01O000M000 t
00109 CTR02A0058_003 f 0.00  0.000     0  0.00  0  0  -0.025  -1.287   2.720   0.003  -0.697   0.000 02O000M000 t
00110 CTR02A0058_004 f 0.00  0.000     0  0.00  0  0  -0.010  -1.309   0.000  -0.057  -0.697   0.000 02O000M000 t
00111 CTR-1A0058_005 f 0.00 -1.000     0  3.75  0 -1   0.000  -1.222   0.000   0.312  -0.323   0.000 -1O000M000 t
