  pH             pKa/Em  n(slope) 1000*chi2
NTR+A0001_        7.939     1.012     0.003
ARG+A0001_        >14.0                    
ASP-A0003_        3.008     1.004     0.005
GLU-A0007_        5.743     1.010     0.002
TYR-A0010_       11.790     0.833     1.929
LYS+A0015_       10.372     0.969     0.009
ARG+A0017_       13.097     0.994     0.010
ARG+A0020_        >14.0                    
TYR-A0021_       11.140     0.965     0.008
TYR-A0023_       12.138     0.875     0.916
LYS+A0026_       10.154     0.979     0.007
TYR-A0035_        8.733     0.931     0.469
ARG+A0039_       12.880     1.040     0.171
LYS+A0041_       10.038     0.813     0.882
ARG+A0042_       13.331     0.906     0.041
LYS+A0046_       10.013     0.968     0.089
GLU-A0049_        3.828     0.996     0.013
ASP-A0050_        1.843     1.008     0.019
ARG+A0053_        >14.0                    
CTR-A0058_        3.827     0.998     0.001
