 residue    partner         vdw     ele  pairwise  charge
NTR+A0001_  NTRA0001_        0.00      0.00      0.00      0.49
NTR+A0001_  ARGA0001_       -0.61      0.49     -0.13      1.00
NTR+A0001_  PROA0002_        0.00      0.00      0.00      0.00
NTR+A0001_  ASPA0003_       -0.02     -0.19     -0.21     -1.00
NTR+A0001_  PHEA0004_        0.00      0.00      0.00      0.00
NTR+A0001_  CYDA0005_        0.00      0.00      0.00      0.00
NTR+A0001_  LEUA0006_        0.00      0.00      0.00      0.00
NTR+A0001_  GLUA0007_        0.00     -0.05     -0.05     -0.99
NTR+A0001_  PROA0008_        0.00      0.00      0.00      0.00
NTR+A0001_  PROA0009_        0.00      0.00      0.00      0.00
NTR+A0001_  TYRA0010_        0.00     -0.00     -0.00     -0.00
NTR+A0001_  THRA0011_        0.00      0.00      0.00      0.00
NTR+A0001_  PROA0013_        0.00      0.00      0.00      0.00
NTR+A0001_  CYDA0014_        0.00      0.00      0.00      0.00
NTR+A0001_  LYSA0015_        0.00      0.00      0.00      0.99
NTR+A0001_  ALAA0016_        0.00      0.00      0.00      0.00
NTR+A0001_  ARGA0017_        0.00      0.00      0.00      1.00
NTR+A0001_  ILEA0018_        0.00      0.00      0.00      0.00
NTR+A0001_  ILEA0019_        0.00      0.00      0.00      0.00
NTR+A0001_  ARGA0020_        0.00      0.01      0.01      1.00
NTR+A0001_  TYRA0021_        0.00      0.00      0.00     -0.00
NTR+A0001_  PHEA0022_        0.00      0.00      0.00      0.00
NTR+A0001_  TYRA0023_       -0.03     -0.02     -0.05      0.00
NTR+A0001_  ASNA0024_        0.00     -0.00     -0.00      0.00
NTR+A0001_  ALAA0025_        0.00      0.00      0.00      0.00
NTR+A0001_  LYSA0026_        0.00      0.02      0.02      0.99
NTR+A0001_  ALAA0027_        0.00      0.00      0.00      0.00
NTR+A0001_  LEUA0029_        0.00      0.00      0.00      0.00
NTR+A0001_  CYDA0030_        0.00      0.00      0.00      0.00
NTR+A0001_  GLNA0031_        0.00      0.00      0.00      0.00
NTR+A0001_  THRA0032_        0.00      0.00      0.00      0.00
NTR+A0001_  PHEA0033_        0.00      0.00      0.00      0.00
NTR+A0001_  VALA0034_        0.00      0.00      0.00      0.00
NTR+A0001_  TYRA0035_        0.00     -0.00     -0.00     -0.16
NTR+A0001_  CYDA0038_        0.00      0.00      0.00      0.00
NTR+A0001_  ARGA0039_        0.00      0.00      0.00      1.00
NTR+A0001_  ALAA0040_        0.00      0.00      0.00      0.00
NTR+A0001_  LYSA0041_        0.00      0.02      0.02      0.99
NTR+A0001_  ARGA0042_        0.00      0.06      0.06      1.00
NTR+A0001_  ASNA0043_        0.00     -0.02     -0.02      0.00
NTR+A0001_  ASNA0044_        0.00      0.00      0.00      0.00
NTR+A0001_  PHEA0045_        0.00      0.00      0.00      0.00
NTR+A0001_  LYSA0046_        0.00      0.01      0.01      0.99
NTR+A0001_  SERA0047_        0.00     -0.00     -0.00      0.00
NTR+A0001_  ALAA0048_        0.00      0.00      0.00      0.00
NTR+A0001_  GLUA0049_        0.00     -0.02     -0.02     -1.00
NTR+A0001_  ASPA0050_        0.00     -0.04     -0.04     -1.00
NTR+A0001_  CYDA0051_        0.00      0.00      0.00      0.00
NTR+A0001_  META0052_        0.00     -0.00     -0.00      0.00
NTR+A0001_  ARGA0053_        0.00      0.06      0.06      1.00
NTR+A0001_  THRA0054_       -0.01     -0.00     -0.01      0.00
NTR+A0001_  CYDA0055_        0.00      0.00      0.00      0.00
NTR+A0001_  ALAA0058_        0.00      0.00      0.00      0.00
NTR+A0001_  CTRA0058_       -0.01     -0.20     -0.21     -1.00
ARG+A0001_  NTRA0001_        0.00      0.00      0.00      0.00
ARG+A0001_  ARGA0001_        0.00      0.00      0.00      0.95
ARG+A0001_  PROA0002_        0.00      0.00      0.00      0.00
ARG+A0001_  ASPA0003_        0.00     -0.15     -0.15     -1.00
ARG+A0001_  PHEA0004_        0.00      0.00      0.00      0.00
ARG+A0001_  CYDA0005_        0.00      0.00      0.00      0.00
ARG+A0001_  LEUA0006_        0.00      0.00      0.00      0.00
ARG+A0001_  GLUA0007_        0.00     -0.08     -0.08     -1.00
ARG+A0001_  PROA0008_        0.00      0.00      0.00      0.00
ARG+A0001_  PROA0009_        0.00      0.00      0.00      0.00
ARG+A0001_  TYRA0010_        0.00     -0.01     -0.01     -0.99
ARG+A0001_  THRA0011_        0.00      0.00      0.00      0.00
ARG+A0001_  PROA0013_        0.00      0.00      0.00      0.00
ARG+A0001_  CYDA0014_        0.00      0.00      0.00      0.00
ARG+A0001_  LYSA0015_        0.00      0.00      0.00      0.00
ARG+A0001_  ALAA0016_        0.00      0.00      0.00      0.00
ARG+A0001_  ARGA0017_        0.00      0.00      0.00      0.12
ARG+A0001_  ILEA0018_        0.00      0.00      0.00      0.00
ARG+A0001_  ILEA0019_        0.00      0.00      0.00      0.00
ARG+A0001_  ARGA0020_        0.00      0.02      0.02      0.90
ARG+A0001_  TYRA0021_        0.00     -0.03     -0.03     -1.00
ARG+A0001_  PHEA0022_        0.00      0.00      0.00      0.00
ARG+A0001_  TYRA0023_       -0.00     -2.69     -2.69     -0.95
ARG+A0001_  ASNA0024_       -0.00     -0.01     -0.01      0.00
ARG+A0001_  ALAA0025_        0.00      0.00      0.00      0.00
ARG+A0001_  LYSA0026_        0.00      0.00      0.00      0.00
ARG+A0001_  ALAA0027_        0.00      0.00      0.00      0.00
ARG+A0001_  LEUA0029_        0.00      0.00      0.00      0.00
ARG+A0001_  CYDA0030_        0.00      0.00      0.00      0.00
ARG+A0001_  GLNA0031_        0.00     -0.00     -0.00      0.00
ARG+A0001_  THRA0032_        0.00      0.00      0.00      0.00
ARG+A0001_  PHEA0033_        0.00      0.00      0.00      0.00
ARG+A0001_  VALA0034_        0.00      0.00      0.00      0.00
ARG+A0001_  TYRA0035_        0.00     -0.01     -0.01     -1.00
ARG+A0001_  CYDA0038_        0.00      0.00      0.00      0.00
ARG+A0001_  ARGA0039_        0.00      0.00      0.00      0.08
ARG+A0001_  ALAA0040_        0.00      0.00      0.00      0.00
ARG+A0001_  LYSA0041_        0.00      0.00      0.00      0.00
ARG+A0001_  ARGA0042_        0.00      0.01      0.01      0.20
ARG+A0001_  ASNA0043_        0.00     -0.05     -0.05      0.00
ARG+A0001_  ASNA0044_        0.00      0.00      0.00      0.00
ARG+A0001_  PHEA0045_        0.00      0.00      0.00      0.00
ARG+A0001_  LYSA0046_        0.00      0.00      0.00      0.00
ARG+A0001_  SERA0047_        0.00     -0.00     -0.00      0.00
ARG+A0001_  ALAA0048_        0.00      0.00      0.00      0.00
ARG+A0001_  GLUA0049_        0.00     -0.02     -0.02     -1.00
ARG+A0001_  ASPA0050_        0.00     -0.03     -0.03     -1.00
ARG+A0001_  CYDA0051_        0.00      0.00      0.00      0.00
ARG+A0001_  META0052_       -0.00     -0.02     -0.02      0.00
ARG+A0001_  ARGA0053_        0.00      0.03      0.03      0.69
ARG+A0001_  THRA0054_        0.00     -0.01     -0.01      0.00
ARG+A0001_  CYDA0055_        0.00      0.00      0.00      0.00
ARG+A0001_  ALAA0058_        0.00      0.00      0.00      0.00
ARG+A0001_  CTRA0058_       -0.02     -0.26     -0.27     -1.00
ASP-A0003_  NTRA0001_        0.00     -0.17     -0.17      1.00
ASP-A0003_  ARGA0001_        0.00     -0.15     -0.15      1.00
ASP-A0003_  PROA0002_        0.00      0.00      0.00      0.00
ASP-A0003_  ASPA0003_        0.00      0.00      0.00     -0.50
ASP-A0003_  PHEA0004_        0.00      0.00      0.00      0.00
ASP-A0003_  CYDA0005_        0.00      0.00      0.00      0.00
ASP-A0003_  LEUA0006_        0.00      0.00      0.00      0.00
ASP-A0003_  GLUA0007_       -0.00     -0.03     -0.03     -0.00
ASP-A0003_  PROA0008_        0.00      0.00      0.00      0.00
ASP-A0003_  PROA0009_        0.00      0.00      0.00      0.00
ASP-A0003_  TYRA0010_        0.00      0.00      0.00      0.00
ASP-A0003_  THRA0011_        0.00      0.00      0.00      0.00
ASP-A0003_  PROA0013_        0.00      0.00      0.00      0.00
ASP-A0003_  CYDA0014_        0.00      0.00      0.00      0.00
ASP-A0003_  LYSA0015_        0.00     -0.00     -0.00      1.00
ASP-A0003_  ALAA0016_        0.00      0.00      0.00      0.00
ASP-A0003_  ARGA0017_        0.00     -0.00     -0.00      1.00
ASP-A0003_  ILEA0018_        0.00      0.00      0.00      0.00
ASP-A0003_  ILEA0019_        0.00      0.00      0.00      0.00
ASP-A0003_  ARGA0020_        0.00     -0.01     -0.01      1.00
ASP-A0003_  TYRA0021_        0.00     -0.00     -0.00      0.00
ASP-A0003_  PHEA0022_        0.00      0.00      0.00      0.00
ASP-A0003_  TYRA0023_        0.00     -0.01     -0.01      0.00
ASP-A0003_  ASNA0024_        0.00      0.01      0.01      0.00
ASP-A0003_  ALAA0025_        0.00      0.00      0.00      0.00
ASP-A0003_  LYSA0026_        0.00     -0.04     -0.04      1.00
ASP-A0003_  ALAA0027_        0.00      0.00      0.00      0.00
ASP-A0003_  LEUA0029_        0.00      0.00      0.00      0.00
ASP-A0003_  CYDA0030_        0.00      0.00      0.00      0.00
ASP-A0003_  GLNA0031_        0.00      0.00      0.00      0.00
ASP-A0003_  THRA0032_        0.00      0.00      0.00      0.00
ASP-A0003_  PHEA0033_        0.00      0.00      0.00      0.00
ASP-A0003_  VALA0034_        0.00      0.00      0.00      0.00
ASP-A0003_  TYRA0035_        0.00      0.00      0.00      0.00
ASP-A0003_  CYDA0038_        0.00      0.00      0.00      0.00
ASP-A0003_  ARGA0039_        0.00     -0.01     -0.01      1.00
ASP-A0003_  ALAA0040_        0.00      0.00      0.00      0.00
ASP-A0003_  LYSA0041_        0.00     -0.07     -0.07      1.00
ASP-A0003_  ARGA0042_       -0.00     -0.09     -0.10      1.00
ASP-A0003_  ASNA0043_       -0.00     -0.00     -0.00      0.00
ASP-A0003_  ASNA0044_        0.00     -0.00     -0.00      0.00
ASP-A0003_  PHEA0045_        0.00      0.00      0.00      0.00
ASP-A0003_  LYSA0046_        0.00     -0.01     -0.01      1.00
ASP-A0003_  SERA0047_        0.00      0.00      0.00      0.00
ASP-A0003_  ALAA0048_        0.00      0.00      0.00      0.00
ASP-A0003_  GLUA0049_        0.00      0.00      0.00     -0.14
ASP-A0003_  ASPA0050_        0.00      0.01      0.01     -0.93
ASP-A0003_  CYDA0051_        0.00      0.00      0.00      0.00
ASP-A0003_  META0052_        0.00      0.00      0.00      0.00
ASP-A0003_  ARGA0053_        0.00     -0.01     -0.01      1.00
ASP-A0003_  THRA0054_        0.00      0.00      0.00      0.00
ASP-A0003_  CYDA0055_        0.00      0.00      0.00      0.00
ASP-A0003_  ALAA0058_        0.00      0.00      0.00      0.00
ASP-A0003_  CTRA0058_        0.00      0.01      0.01     -0.14
GLU-A0007_  NTRA0001_        0.00     -0.04     -0.04      0.99
GLU-A0007_  ARGA0001_        0.00     -0.09     -0.09      1.00
GLU-A0007_  PROA0002_        0.00      0.00      0.00      0.00
GLU-A0007_  ASPA0003_       -0.00      0.16      0.15     -1.00
GLU-A0007_  PHEA0004_        0.00      0.00      0.00      0.00
GLU-A0007_  CYDA0005_        0.00      0.00      0.00      0.00
GLU-A0007_  LEUA0006_        0.00      0.00      0.00      0.00
GLU-A0007_  GLUA0007_        0.00      0.00      0.00     -0.52
GLU-A0007_  PROA0008_        0.00      0.00      0.00      0.00
GLU-A0007_  PROA0009_        0.00      0.00      0.00      0.00
GLU-A0007_  TYRA0010_        0.00     -0.04     -0.04      0.00
GLU-A0007_  THRA0011_        0.00     -0.01     -0.01      0.00
GLU-A0007_  PROA0013_        0.00      0.00      0.00      0.00
GLU-A0007_  CYDA0014_        0.00      0.00      0.00      0.00
GLU-A0007_  LYSA0015_        0.00     -0.02     -0.02      1.00
GLU-A0007_  ALAA0016_        0.00      0.00      0.00      0.00
GLU-A0007_  ARGA0017_        0.00     -0.01     -0.01      1.00
GLU-A0007_  ILEA0018_        0.00      0.00      0.00      0.00
GLU-A0007_  ILEA0019_        0.00      0.00      0.00      0.00
GLU-A0007_  ARGA0020_        0.00     -0.11     -0.11      1.00
GLU-A0007_  TYRA0021_        0.00     -0.01     -0.01      0.00
GLU-A0007_  PHEA0022_        0.00      0.00      0.00      0.00
GLU-A0007_  TYRA0023_        0.00     -0.01     -0.01      0.00
GLU-A0007_  ASNA0024_        0.00      0.01      0.01      0.00
GLU-A0007_  ALAA0025_        0.00      0.00      0.00      0.00
GLU-A0007_  LYSA0026_        0.00     -0.06     -0.06      1.00
GLU-A0007_  ALAA0027_        0.00      0.00      0.00      0.00
GLU-A0007_  LEUA0029_        0.00      0.00      0.00      0.00
GLU-A0007_  CYDA0030_        0.00      0.00      0.00      0.00
GLU-A0007_  GLNA0031_        0.00      0.01      0.01      0.00
GLU-A0007_  THRA0032_        0.00      0.00      0.00      0.00
GLU-A0007_  PHEA0033_        0.00      0.00      0.00      0.00
GLU-A0007_  VALA0034_        0.00      0.00      0.00      0.00
GLU-A0007_  TYRA0035_        0.00     -0.01     -0.01     -0.00
GLU-A0007_  CYDA0038_        0.00      0.00      0.00      0.00
GLU-A0007_  ARGA0039_        0.00     -0.05     -0.05      1.00
GLU-A0007_  ALAA0040_        0.00      0.00      0.00      0.00
GLU-A0007_  LYSA0041_        0.02     -0.54     -0.52      1.00
GLU-A0007_  ARGA0042_        0.01     -0.22     -0.21      1.00
GLU-A0007_  ASNA0043_        0.00     -0.20     -0.20      0.00
GLU-A0007_  ASNA0044_        0.00     -0.21     -0.21      0.00
GLU-A0007_  PHEA0045_        0.00      0.00      0.00      0.00
GLU-A0007_  LYSA0046_        0.00     -0.04     -0.04      1.00
GLU-A0007_  SERA0047_        0.00      0.00      0.00      0.00
GLU-A0007_  ALAA0048_        0.00      0.00      0.00      0.00
GLU-A0007_  GLUA0049_        0.00      0.01      0.01     -0.98
GLU-A0007_  ASPA0050_        0.00      0.03      0.03     -1.00
GLU-A0007_  CYDA0051_        0.00      0.00      0.00      0.00
GLU-A0007_  META0052_        0.00      0.00      0.00      0.00
GLU-A0007_  ARGA0053_        0.00     -0.02     -0.02      1.00
GLU-A0007_  THRA0054_        0.00      0.01      0.01      0.00
GLU-A0007_  CYDA0055_        0.00      0.00      0.00      0.00
GLU-A0007_  ALAA0058_        0.00      0.00      0.00      0.00
GLU-A0007_  CTRA0058_        0.00      0.01      0.01     -0.98
TYR-A0010_  NTRA0001_        0.00      0.00      0.00      0.00
TYR-A0010_  ARGA0001_        0.00     -0.01     -0.01      0.98
TYR-A0010_  PROA0002_        0.00      0.00      0.00      0.00
TYR-A0010_  ASPA0003_        0.00      0.02      0.02     -1.00
TYR-A0010_  PHEA0004_        0.00      0.00      0.00      0.00
TYR-A0010_  CYDA0005_        0.00      0.00      0.00      0.00
TYR-A0010_  LEUA0006_        0.00      0.00      0.00      0.00
TYR-A0010_  GLUA0007_        0.00      0.28      0.28     -1.00
TYR-A0010_  PROA0008_        0.00      0.00      0.00      0.00
TYR-A0010_  PROA0009_        0.00      0.00      0.00      0.00
TYR-A0010_  TYRA0010_        0.00      0.00      0.00     -0.50
TYR-A0010_  THRA0011_        0.02      0.00      0.03      0.00
TYR-A0010_  PROA0013_        0.00      0.00      0.00      0.00
TYR-A0010_  CYDA0014_        0.00      0.00      0.00      0.00
TYR-A0010_  LYSA0015_        0.00     -0.01     -0.01      0.07
TYR-A0010_  ALAA0016_        0.00      0.00      0.00      0.00
TYR-A0010_  ARGA0017_        0.00     -0.02     -0.02      0.94
TYR-A0010_  ILEA0018_        0.00      0.00      0.00      0.00
TYR-A0010_  ILEA0019_        0.00      0.00      0.00      0.00
TYR-A0010_  ARGA0020_        0.00     -0.07     -0.07      1.00
TYR-A0010_  TYRA0021_        0.00      0.01      0.01     -0.77
TYR-A0010_  PHEA0022_        0.00      0.00      0.00      0.00
TYR-A0010_  TYRA0023_        0.00      0.01      0.01     -0.36
TYR-A0010_  ASNA0024_        0.00      0.00      0.00      0.00
TYR-A0010_  ALAA0025_        0.00      0.00      0.00      0.00
TYR-A0010_  LYSA0026_        0.00     -0.00     -0.00      0.04
TYR-A0010_  ALAA0027_        0.00      0.00      0.00      0.00
TYR-A0010_  LEUA0029_        0.00      0.00      0.00      0.00
TYR-A0010_  CYDA0030_        0.00      0.00      0.00      0.00
TYR-A0010_  GLNA0031_        0.00      0.00      0.00      0.00
TYR-A0010_  THRA0032_        0.00      0.00      0.00      0.00
TYR-A0010_  PHEA0033_        0.00      0.00      0.00      0.00
TYR-A0010_  VALA0034_        0.00      0.00      0.00      0.00
TYR-A0010_  TYRA0035_        0.00      0.34      0.34     -0.99
TYR-A0010_  CYDA0038_        0.00      0.00      0.00      0.00
TYR-A0010_  ARGA0039_       -0.02     -0.15     -0.17      0.91
TYR-A0010_  ALAA0040_        0.00      0.00      0.00      0.00
TYR-A0010_  LYSA0041_        0.00      0.05      0.05      0.07
TYR-A0010_  ARGA0042_       -0.00     -0.05     -0.05      0.95
TYR-A0010_  ASNA0043_        0.00     -0.01     -0.01      0.00
TYR-A0010_  ASNA0044_        0.00     -0.14     -0.14      0.00
TYR-A0010_  PHEA0045_        0.00      0.00      0.00      0.00
TYR-A0010_  LYSA0046_        0.00      0.00      0.00      0.03
TYR-A0010_  SERA0047_        0.00      0.00      0.00      0.00
TYR-A0010_  ALAA0048_        0.00      0.00      0.00      0.00
TYR-A0010_  GLUA0049_        0.00      0.01      0.01     -1.00
TYR-A0010_  ASPA0050_        0.00      0.01      0.01     -1.00
TYR-A0010_  CYDA0051_        0.00      0.00      0.00      0.00
TYR-A0010_  META0052_        0.00      0.00      0.00      0.00
TYR-A0010_  ARGA0053_        0.00     -0.01     -0.01      0.99
TYR-A0010_  THRA0054_        0.00      0.00      0.00      0.00
TYR-A0010_  CYDA0055_        0.00      0.00      0.00      0.00
TYR-A0010_  ALAA0058_        0.00      0.00      0.00      0.00
TYR-A0010_  CTRA0058_        0.00      0.00      0.00     -1.00
LYS+A0015_  NTRA0001_        0.00      0.00      0.00      0.01
LYS+A0015_  ARGA0001_        0.00      0.00      0.00      1.00
LYS+A0015_  PROA0002_        0.00      0.00      0.00      0.00
LYS+A0015_  ASPA0003_        0.00     -0.00     -0.00     -1.00
LYS+A0015_  PHEA0004_        0.00      0.00      0.00      0.00
LYS+A0015_  CYDA0005_        0.00      0.00      0.00      0.00
LYS+A0015_  LEUA0006_        0.00      0.00      0.00      0.00
LYS+A0015_  GLUA0007_        0.00     -0.02     -0.02     -1.00
LYS+A0015_  PROA0008_        0.00      0.00      0.00      0.00
LYS+A0015_  PROA0009_        0.00      0.00      0.00      0.00
LYS+A0015_  TYRA0010_        0.00     -0.02     -0.02     -0.11
LYS+A0015_  THRA0011_       -0.05     -0.01     -0.06      0.00
LYS+A0015_  PROA0013_        0.00      0.00      0.00      0.00
LYS+A0015_  CYDA0014_        0.00      0.00      0.00      0.00
LYS+A0015_  LYSA0015_        0.00      0.00      0.00      0.51
LYS+A0015_  ALAA0016_        0.00      0.00      0.00      0.00
LYS+A0015_  ARGA0017_       -0.00      0.09      0.09      0.99
LYS+A0015_  ILEA0018_        0.00      0.00      0.00      0.00
LYS+A0015_  ILEA0019_        0.00      0.00      0.00      0.00
LYS+A0015_  ARGA0020_        0.00      0.02      0.02      1.00
LYS+A0015_  TYRA0021_        0.00     -0.00     -0.00     -0.21
LYS+A0015_  PHEA0022_        0.00      0.00      0.00      0.00
LYS+A0015_  TYRA0023_        0.00     -0.00     -0.00     -0.04
LYS+A0015_  ASNA0024_        0.00      0.00      0.00      0.00
LYS+A0015_  ALAA0025_        0.00      0.00      0.00      0.00
LYS+A0015_  LYSA0026_        0.00      0.01      0.01      0.42
LYS+A0015_  ALAA0027_        0.00      0.00      0.00      0.00
LYS+A0015_  LEUA0029_        0.00      0.00      0.00      0.00
LYS+A0015_  CYDA0030_        0.00      0.00      0.00      0.00
LYS+A0015_  GLNA0031_        0.00     -0.00     -0.00      0.00
LYS+A0015_  THRA0032_        0.00     -0.00     -0.00      0.00
LYS+A0015_  PHEA0033_        0.00      0.00      0.00      0.00
LYS+A0015_  VALA0034_        0.00      0.00      0.00      0.00
LYS+A0015_  TYRA0035_        0.00     -0.06     -0.06     -0.94
LYS+A0015_  CYDA0038_        0.00      0.00      0.00      0.00
LYS+A0015_  ARGA0039_        0.00      0.05      0.05      0.99
LYS+A0015_  ALAA0040_        0.00      0.00      0.00      0.00
LYS+A0015_  LYSA0041_        0.00      0.02      0.02      0.37
LYS+A0015_  ARGA0042_        0.00      0.01      0.01      1.00
LYS+A0015_  ASNA0043_        0.00      0.00      0.00      0.00
LYS+A0015_  ASNA0044_        0.00      0.01      0.01      0.00
LYS+A0015_  PHEA0045_        0.00      0.00      0.00      0.00
LYS+A0015_  LYSA0046_        0.00      0.00      0.00      0.36
LYS+A0015_  SERA0047_        0.00      0.00      0.00      0.00
LYS+A0015_  ALAA0048_        0.00      0.00      0.00      0.00
LYS+A0015_  GLUA0049_        0.00     -0.00     -0.00     -1.00
LYS+A0015_  ASPA0050_        0.00     -0.00     -0.00     -1.00
LYS+A0015_  CYDA0051_        0.00      0.00      0.00      0.00
LYS+A0015_  META0052_        0.00      0.00      0.00      0.00
LYS+A0015_  ARGA0053_        0.00      0.00      0.00      1.00
LYS+A0015_  THRA0054_        0.00      0.00      0.00      0.00
LYS+A0015_  CYDA0055_        0.00      0.00      0.00      0.00
LYS+A0015_  ALAA0058_        0.00      0.00      0.00      0.00
LYS+A0015_  CTRA0058_        0.00     -0.00     -0.00     -1.00
ARG+A0017_  NTRA0001_        0.00      0.00      0.00      0.00
ARG+A0017_  ARGA0001_        0.00      0.00      0.00      0.96
ARG+A0017_  PROA0002_        0.00      0.00      0.00      0.00
ARG+A0017_  ASPA0003_        0.00     -0.00     -0.00     -1.00
ARG+A0017_  PHEA0004_        0.00      0.00      0.00      0.00
ARG+A0017_  CYDA0005_        0.00      0.00      0.00      0.00
ARG+A0017_  LEUA0006_        0.00      0.00      0.00      0.00
ARG+A0017_  GLUA0007_        0.00     -0.01     -0.01     -1.00
ARG+A0017_  PROA0008_        0.00      0.00      0.00      0.00
ARG+A0017_  PROA0009_        0.00      0.00      0.00      0.00
ARG+A0017_  TYRA0010_        0.00     -0.02     -0.02     -0.94
ARG+A0017_  THRA0011_       -0.00      0.00     -0.00      0.00
ARG+A0017_  PROA0013_        0.00      0.00      0.00      0.00
ARG+A0017_  CYDA0014_        0.00      0.00      0.00      0.00
ARG+A0017_  LYSA0015_       -0.06     -0.00     -0.07      0.00
ARG+A0017_  ALAA0016_        0.00      0.00      0.00      0.00
ARG+A0017_  ARGA0017_        0.00      0.00      0.00      0.51
ARG+A0017_  ILEA0018_        0.00      0.00      0.00      0.00
ARG+A0017_  ILEA0019_        0.00      0.00      0.00      0.00
ARG+A0017_  ARGA0020_       -0.00      0.05      0.05      0.98
ARG+A0017_  TYRA0021_        0.00     -0.04     -0.04     -0.98
ARG+A0017_  PHEA0022_        0.00      0.00      0.00      0.00
ARG+A0017_  TYRA0023_        0.00     -0.01     -0.01     -0.86
ARG+A0017_  ASNA0024_        0.00      0.00      0.00      0.00
ARG+A0017_  ALAA0025_        0.00      0.00      0.00      0.00
ARG+A0017_  LYSA0026_        0.00      0.00      0.00      0.00
ARG+A0017_  ALAA0027_        0.00      0.00      0.00      0.00
ARG+A0017_  LEUA0029_        0.00      0.00      0.00      0.00
ARG+A0017_  CYDA0030_        0.00      0.00      0.00      0.00
ARG+A0017_  GLNA0031_        0.00     -0.00     -0.00      0.00
ARG+A0017_  THRA0032_        0.00     -0.01     -0.01      0.00
ARG+A0017_  PHEA0033_        0.00      0.00      0.00      0.00
ARG+A0017_  VALA0034_        0.00      0.00      0.00      0.00
ARG+A0017_  TYRA0035_       -0.00     -0.05     -0.05     -1.00
ARG+A0017_  CYDA0038_        0.00      0.00      0.00      0.00
ARG+A0017_  ARGA0039_        0.00      0.01      0.01      0.39
ARG+A0017_  ALAA0040_        0.00      0.00      0.00      0.00
ARG+A0017_  LYSA0041_        0.00      0.00      0.00      0.01
ARG+A0017_  ARGA0042_        0.00      0.00      0.00      0.62
ARG+A0017_  ASNA0043_        0.00      0.00      0.00      0.00
ARG+A0017_  ASNA0044_        0.00      0.00      0.00      0.00
ARG+A0017_  PHEA0045_        0.00      0.00      0.00      0.00
ARG+A0017_  LYSA0046_        0.00      0.00      0.00      0.00
ARG+A0017_  SERA0047_        0.00     -0.00     -0.00      0.00
ARG+A0017_  ALAA0048_        0.00      0.00      0.00      0.00
ARG+A0017_  GLUA0049_        0.00     -0.01     -0.01     -1.00
ARG+A0017_  ASPA0050_        0.00     -0.01     -0.01     -1.00
ARG+A0017_  CYDA0051_        0.00      0.00      0.00      0.00
ARG+A0017_  META0052_        0.00      0.00      0.00      0.00
ARG+A0017_  ARGA0053_        0.00      0.00      0.00      0.89
ARG+A0017_  THRA0054_        0.00      0.00      0.00      0.00
ARG+A0017_  CYDA0055_        0.00      0.00      0.00      0.00
ARG+A0017_  ALAA0058_        0.00      0.00      0.00      0.00
ARG+A0017_  CTRA0058_        0.00     -0.00     -0.00     -1.00
ARG+A0020_  NTRA0001_        0.00      0.00      0.00      0.00
ARG+A0020_  ARGA0001_        0.00      0.02      0.02      0.95
ARG+A0020_  PROA0002_        0.00      0.00      0.00      0.00
ARG+A0020_  ASPA0003_        0.00     -0.01     -0.01     -1.00
ARG+A0020_  PHEA0004_        0.00      0.00      0.00      0.00
ARG+A0020_  CYDA0005_        0.00      0.00      0.00      0.00
ARG+A0020_  LEUA0006_        0.00      0.00      0.00      0.00
ARG+A0020_  GLUA0007_        0.00     -0.14     -0.14     -1.00
ARG+A0020_  PROA0008_        0.00      0.00      0.00      0.00
ARG+A0020_  PROA0009_        0.00      0.00      0.00      0.00
ARG+A0020_  TYRA0010_       -0.00     -0.06     -0.06     -0.99
ARG+A0020_  THRA0011_       -0.01      0.02      0.02      0.00
ARG+A0020_  PROA0013_        0.00      0.00      0.00      0.00
ARG+A0020_  CYDA0014_        0.00      0.00      0.00      0.00
ARG+A0020_  LYSA0015_        0.00      0.00      0.00      0.00
ARG+A0020_  ALAA0016_        0.00      0.00      0.00      0.00
ARG+A0020_  ARGA0017_       -0.00      0.00      0.00      0.12
ARG+A0020_  ILEA0018_        0.00      0.00      0.00      0.00
ARG+A0020_  ILEA0019_        0.00      0.00      0.00      0.00
ARG+A0020_  ARGA0020_        0.00      0.00      0.00      0.90
ARG+A0020_  TYRA0021_       -0.00     -0.20     -0.20     -1.00
ARG+A0020_  PHEA0022_        0.00      0.00      0.00      0.00
ARG+A0020_  TYRA0023_        0.00     -0.04     -0.04     -0.95
ARG+A0020_  ASNA0024_        0.00      0.00      0.00      0.00
ARG+A0020_  ALAA0025_        0.00      0.00      0.00      0.00
ARG+A0020_  LYSA0026_        0.00      0.00      0.00      0.00
ARG+A0020_  ALAA0027_        0.00      0.00      0.00      0.00
ARG+A0020_  LEUA0029_        0.00      0.00      0.00      0.00
ARG+A0020_  CYDA0030_        0.00      0.00      0.00      0.00
ARG+A0020_  GLNA0031_       -0.00     -0.00     -0.00      0.00
ARG+A0020_  THRA0032_       -0.03     -0.01     -0.04      0.00
ARG+A0020_  PHEA0033_        0.00      0.00      0.00      0.00
ARG+A0020_  VALA0034_        0.00      0.00      0.00      0.00
ARG+A0020_  TYRA0035_       -0.01     -1.05     -1.05     -1.00
ARG+A0020_  CYDA0038_        0.00      0.00      0.00      0.00
ARG+A0020_  ARGA0039_        0.00      0.01      0.01      0.08
ARG+A0020_  ALAA0040_        0.00      0.00      0.00      0.00
ARG+A0020_  LYSA0041_       -0.00     -0.01     -0.01      0.00
ARG+A0020_  ARGA0042_        0.00      0.01      0.01      0.20
ARG+A0020_  ASNA0043_        0.00     -0.04     -0.04      0.00
ARG+A0020_  ASNA0044_       -0.00     -0.77     -0.77      0.00
ARG+A0020_  PHEA0045_        0.00      0.00      0.00      0.00
ARG+A0020_  LYSA0046_       -0.01     -0.08     -0.09      0.00
ARG+A0020_  SERA0047_       -0.00     -0.02     -0.02      0.00
ARG+A0020_  ALAA0048_        0.00      0.00      0.00      0.00
ARG+A0020_  GLUA0049_        0.00     -0.07     -0.07     -1.00
ARG+A0020_  ASPA0050_       -0.00     -0.15     -0.15     -1.00
ARG+A0020_  CYDA0051_        0.00      0.00      0.00      0.00
ARG+A0020_  META0052_        0.00     -0.00     -0.00      0.00
ARG+A0020_  ARGA0053_        0.00      0.04      0.04      0.69
ARG+A0020_  THRA0054_        0.00     -0.00     -0.00      0.00
ARG+A0020_  CYDA0055_        0.00      0.00      0.00      0.00
ARG+A0020_  ALAA0058_        0.00      0.00      0.00      0.00
ARG+A0020_  CTRA0058_        0.00     -0.01     -0.01     -1.00
TYR-A0021_  NTRA0001_        0.00      0.00      0.00      0.00
TYR-A0021_  ARGA0001_        0.00     -0.04     -0.04      0.99
TYR-A0021_  PROA0002_        0.00      0.00      0.00      0.00
TYR-A0021_  ASPA0003_        0.00      0.01      0.01     -1.00
TYR-A0021_  PHEA0004_        0.00      0.00      0.00      0.00
TYR-A0021_  CYDA0005_        0.00      0.00      0.00      0.00
TYR-A0021_  LEUA0006_        0.00      0.00      0.00      0.00
TYR-A0021_  GLUA0007_        0.00      0.05      0.05     -1.00
TYR-A0021_  PROA0008_        0.00      0.00      0.00      0.00
TYR-A0021_  PROA0009_        0.00      0.00      0.00      0.00
TYR-A0021_  TYRA0010_        0.00      0.00      0.00     -0.24
TYR-A0021_  THRA0011_        0.00     -0.01     -0.01      0.00
TYR-A0021_  PROA0013_        0.00      0.00      0.00      0.00
TYR-A0021_  CYDA0014_        0.00      0.00      0.00      0.00
TYR-A0021_  LYSA0015_        0.00     -0.00     -0.00      0.18
TYR-A0021_  ALAA0016_        0.00      0.00      0.00      0.00
TYR-A0021_  ARGA0017_        0.00     -0.04     -0.04      0.98
TYR-A0021_  ILEA0018_        0.00      0.00      0.00      0.00
TYR-A0021_  ILEA0019_        0.00      0.00      0.00      0.00
TYR-A0021_  ARGA0020_        0.00     -0.27     -0.27      1.00
TYR-A0021_  TYRA0021_        0.00      0.00      0.00     -0.49
TYR-A0021_  PHEA0022_        0.00      0.00      0.00      0.00
TYR-A0021_  TYRA0023_        0.00      0.00      0.00     -0.14
TYR-A0021_  ASNA0024_        0.00     -0.02     -0.02      0.00
TYR-A0021_  ALAA0025_        0.00      0.00      0.00      0.00
TYR-A0021_  LYSA0026_        0.00     -0.00     -0.00      0.12
TYR-A0021_  ALAA0027_        0.00      0.00      0.00      0.00
TYR-A0021_  LEUA0029_        0.00      0.00      0.00      0.00
TYR-A0021_  CYDA0030_        0.00      0.00      0.00      0.00
TYR-A0021_  GLNA0031_       -0.08     -0.01     -0.09      0.00
TYR-A0021_  THRA0032_        0.00      0.01      0.01      0.00
TYR-A0021_  PHEA0033_        0.00      0.00      0.00      0.00
TYR-A0021_  VALA0034_        0.00      0.00      0.00      0.00
TYR-A0021_  TYRA0035_       -0.00      0.06      0.06     -0.98
TYR-A0021_  CYDA0038_        0.00      0.00      0.00      0.00
TYR-A0021_  ARGA0039_        0.00     -0.01     -0.01      0.97
TYR-A0021_  ALAA0040_        0.00      0.00      0.00      0.00
TYR-A0021_  LYSA0041_        0.00     -0.00     -0.00      0.14
TYR-A0021_  ARGA0042_        0.00     -0.02     -0.02      0.98
TYR-A0021_  ASNA0043_        0.00      0.08      0.08      0.00
TYR-A0021_  ASNA0044_        0.00      0.03      0.03      0.00
TYR-A0021_  PHEA0045_        0.00      0.00      0.00      0.00
TYR-A0021_  LYSA0046_       -0.05     -0.00     -0.05      0.09
TYR-A0021_  SERA0047_        0.00      0.12      0.12      0.00
TYR-A0021_  ALAA0048_        0.00      0.00      0.00      0.00
TYR-A0021_  GLUA0049_        0.00      0.36      0.36     -1.00
TYR-A0021_  ASPA0050_        0.00      0.13      0.13     -1.00
TYR-A0021_  CYDA0051_        0.00      0.00      0.00      0.00
TYR-A0021_  META0052_        0.00      0.01      0.01      0.00
TYR-A0021_  ARGA0053_        0.00     -0.06     -0.06      1.00
TYR-A0021_  THRA0054_       -0.00      0.00      0.00      0.00
TYR-A0021_  CYDA0055_        0.00      0.00      0.00      0.00
TYR-A0021_  ALAA0058_        0.00      0.00      0.00      0.00
TYR-A0021_  CTRA0058_        0.00      0.01      0.01     -1.00
TYR-A0023_  NTRA0001_        0.00      0.00      0.00      0.00
TYR-A0023_  ARGA0001_        0.00     -2.73     -2.73      0.98
TYR-A0023_  PROA0002_        0.00      0.00      0.00      0.00
TYR-A0023_  ASPA0003_        0.00      0.09      0.09     -1.00
TYR-A0023_  PHEA0004_        0.00      0.00      0.00      0.00
TYR-A0023_  CYDA0005_        0.00      0.00      0.00      0.00
TYR-A0023_  LEUA0006_        0.00      0.00      0.00      0.00
TYR-A0023_  GLUA0007_        0.00      0.14      0.14     -1.00
TYR-A0023_  PROA0008_        0.00      0.00      0.00      0.00
TYR-A0023_  PROA0009_        0.00      0.00      0.00      0.00
TYR-A0023_  TYRA0010_        0.00      0.01      0.01     -0.63
TYR-A0023_  THRA0011_        0.00     -0.00     -0.00      0.00
TYR-A0023_  PROA0013_        0.00      0.00      0.00      0.00
TYR-A0023_  CYDA0014_        0.00      0.00      0.00      0.00
TYR-A0023_  LYSA0015_        0.00     -0.00     -0.00      0.03
TYR-A0023_  ALAA0016_        0.00      0.00      0.00      0.00
TYR-A0023_  ARGA0017_        0.00     -0.01     -0.01      0.87
TYR-A0023_  ILEA0018_        0.00      0.00      0.00      0.00
TYR-A0023_  ILEA0019_        0.00      0.00      0.00      0.00
TYR-A0023_  ARGA0020_        0.00     -0.05     -0.05      1.00
TYR-A0023_  TYRA0021_        0.00      0.07      0.07     -0.88
TYR-A0023_  PHEA0022_        0.00      0.00      0.00      0.00
TYR-A0023_  TYRA0023_        0.00      0.00      0.00     -0.49
TYR-A0023_  ASNA0024_        0.00     -0.01     -0.01      0.00
TYR-A0023_  ALAA0025_        0.00      0.00      0.00      0.00
TYR-A0023_  LYSA0026_       -0.02     -0.00     -0.02      0.01
TYR-A0023_  ALAA0027_        0.00      0.00      0.00      0.00
TYR-A0023_  LEUA0029_        0.00      0.00      0.00      0.00
TYR-A0023_  CYDA0030_        0.00      0.00      0.00      0.00
TYR-A0023_  GLNA0031_        0.00      0.01      0.01      0.00
TYR-A0023_  THRA0032_        0.00     -0.00     -0.00      0.00
TYR-A0023_  PHEA0033_        0.00      0.00      0.00      0.00
TYR-A0023_  VALA0034_        0.00      0.00      0.00      0.00
TYR-A0023_  TYRA0035_        0.00      0.03      0.03     -1.00
TYR-A0023_  CYDA0038_        0.00      0.00      0.00      0.00
TYR-A0023_  ARGA0039_        0.00     -0.00     -0.00      0.83
TYR-A0023_  ALAA0040_        0.00      0.00      0.00      0.00
TYR-A0023_  LYSA0041_        0.00     -0.00     -0.00      0.04
TYR-A0023_  ARGA0042_       -0.00     -0.05     -0.05      0.90
TYR-A0023_  ASNA0043_        0.00      0.16      0.16      0.00
TYR-A0023_  ASNA0044_        0.00     -0.01     -0.01      0.00
TYR-A0023_  PHEA0045_        0.00      0.00      0.00      0.00
TYR-A0023_  LYSA0046_        0.00      0.00      0.00      0.01
TYR-A0023_  SERA0047_        0.00      0.01      0.01      0.00
TYR-A0023_  ALAA0048_        0.00      0.00      0.00      0.00
TYR-A0023_  GLUA0049_        0.00      0.05      0.05     -1.00
TYR-A0023_  ASPA0050_        0.00      0.05      0.05     -1.00
TYR-A0023_  CYDA0051_        0.00      0.00      0.00      0.00
TYR-A0023_  META0052_        0.00      0.11      0.11      0.00
TYR-A0023_  ARGA0053_       -0.00     -0.05     -0.05      0.98
TYR-A0023_  THRA0054_       -0.03      0.02     -0.01      0.00
TYR-A0023_  CYDA0055_        0.00      0.00      0.00      0.00
TYR-A0023_  ALAA0058_        0.00      0.00      0.00      0.00
TYR-A0023_  CTRA0058_        0.00      0.17      0.17     -1.00
LYS+A0026_  NTRA0001_        0.00      0.00      0.00      0.01
LYS+A0026_  ARGA0001_        0.00      0.08      0.08      1.00
LYS+A0026_  PROA0002_        0.00      0.00      0.00      0.00
LYS+A0026_  ASPA0003_        0.00     -0.04     -0.04     -1.00
LYS+A0026_  PHEA0004_        0.00      0.00      0.00      0.00
LYS+A0026_  CYDA0005_        0.00      0.00      0.00      0.00
LYS+A0026_  LEUA0006_        0.00      0.00      0.00      0.00
LYS+A0026_  GLUA0007_        0.00     -0.06     -0.06     -1.00
LYS+A0026_  PROA0008_        0.00      0.00      0.00      0.00
LYS+A0026_  PROA0009_        0.00      0.00      0.00      0.00
LYS+A0026_  TYRA0010_        0.00      0.00      0.00     -0.08
LYS+A0026_  THRA0011_        0.00      0.00      0.00      0.00
LYS+A0026_  PROA0013_        0.00      0.00      0.00      0.00
LYS+A0026_  CYDA0014_        0.00      0.00      0.00      0.00
LYS+A0026_  LYSA0015_        0.00      0.01      0.01      0.62
LYS+A0026_  ALAA0016_        0.00      0.00      0.00      0.00
LYS+A0026_  ARGA0017_        0.00      0.01      0.01      1.00
LYS+A0026_  ILEA0018_        0.00      0.00      0.00      0.00
LYS+A0026_  ILEA0019_        0.00      0.00      0.00      0.00
LYS+A0026_  ARGA0020_        0.00      0.01      0.01      1.00
LYS+A0026_  TYRA0021_        0.00     -0.00     -0.00     -0.13
LYS+A0026_  PHEA0022_        0.00      0.00      0.00      0.00
LYS+A0026_  TYRA0023_       -0.02      0.01     -0.01     -0.02
LYS+A0026_  ASNA0024_       -0.00     -0.10     -0.10      0.00
LYS+A0026_  ALAA0025_        0.00      0.00      0.00      0.00
LYS+A0026_  LYSA0026_        0.00      0.00      0.00      0.51
LYS+A0026_  ALAA0027_        0.00      0.00      0.00      0.00
LYS+A0026_  LEUA0029_        0.00      0.00      0.00      0.00
LYS+A0026_  CYDA0030_        0.00      0.00      0.00      0.00
LYS+A0026_  GLNA0031_        0.00     -0.02     -0.02      0.00
LYS+A0026_  THRA0032_        0.00      0.00      0.00      0.00
LYS+A0026_  PHEA0033_        0.00      0.00      0.00      0.00
LYS+A0026_  VALA0034_        0.00      0.00      0.00      0.00
LYS+A0026_  TYRA0035_        0.00     -0.01     -0.01     -0.93
LYS+A0026_  CYDA0038_        0.00      0.00      0.00      0.00
LYS+A0026_  ARGA0039_        0.00      0.01      0.01      1.00
LYS+A0026_  ALAA0040_        0.00      0.00      0.00      0.00
LYS+A0026_  LYSA0041_        0.00      0.02      0.02      0.45
LYS+A0026_  ARGA0042_        0.00      0.01      0.01      1.00
LYS+A0026_  ASNA0043_        0.00      0.04      0.04      0.00
LYS+A0026_  ASNA0044_        0.00      0.01      0.01      0.00
LYS+A0026_  PHEA0045_        0.00      0.00      0.00      0.00
LYS+A0026_  LYSA0046_        0.00      0.00      0.00      0.45
LYS+A0026_  SERA0047_        0.00     -0.00     -0.00      0.00
LYS+A0026_  ALAA0048_        0.00      0.00      0.00      0.00
LYS+A0026_  GLUA0049_        0.00     -0.01     -0.01     -1.00
LYS+A0026_  ASPA0050_        0.00     -0.00     -0.00     -1.00
LYS+A0026_  CYDA0051_        0.00      0.00      0.00      0.00
LYS+A0026_  META0052_        0.00     -0.00     -0.00      0.00
LYS+A0026_  ARGA0053_        0.00      0.00      0.00      1.00
LYS+A0026_  THRA0054_        0.00     -0.00     -0.00      0.00
LYS+A0026_  CYDA0055_        0.00      0.00      0.00      0.00
LYS+A0026_  ALAA0058_        0.00      0.00      0.00      0.00
LYS+A0026_  CTRA0058_        0.00     -0.01     -0.01     -1.00
TYR-A0035_  NTRA0001_        0.00     -0.00     -0.00      0.18
TYR-A0035_  ARGA0001_        0.00     -0.02     -0.02      1.00
TYR-A0035_  PROA0002_        0.00      0.00      0.00      0.00
TYR-A0035_  ASPA0003_        0.00      0.01      0.01     -1.00
TYR-A0035_  PHEA0004_        0.00      0.00      0.00      0.00
TYR-A0035_  CYDA0005_        0.00      0.00      0.00      0.00
TYR-A0035_  LEUA0006_        0.00      0.00      0.00      0.00
TYR-A0035_  GLUA0007_        0.00      0.29      0.29     -1.00
TYR-A0035_  PROA0008_        0.00      0.00      0.00      0.00
TYR-A0035_  PROA0009_        0.00      0.00      0.00      0.00
TYR-A0035_  TYRA0010_        0.00     -0.05     -0.05     -0.01
TYR-A0035_  THRA0011_        0.00     -0.07     -0.07      0.00
TYR-A0035_  PROA0013_        0.00      0.00      0.00      0.00
TYR-A0035_  CYDA0014_        0.00      0.00      0.00      0.00
TYR-A0035_  LYSA0015_        0.00     -0.07     -0.07      0.96
TYR-A0035_  ALAA0016_        0.00      0.00      0.00      0.00
TYR-A0035_  ARGA0017_        0.00     -0.05     -0.05      1.00
TYR-A0035_  ILEA0018_        0.00      0.00      0.00      0.00
TYR-A0035_  ILEA0019_        0.00      0.00      0.00      0.00
TYR-A0035_  ARGA0020_        0.00     -0.80     -0.80      1.00
TYR-A0035_  TYRA0021_       -0.00     -0.01     -0.01     -0.01
TYR-A0035_  PHEA0022_        0.00      0.00      0.00      0.00
TYR-A0035_  TYRA0023_        0.00     -0.01     -0.01     -0.00
TYR-A0035_  ASNA0024_        0.00     -0.00     -0.00      0.00
TYR-A0035_  ALAA0025_        0.00      0.00      0.00      0.00
TYR-A0035_  LYSA0026_        0.00     -0.01     -0.01      0.95
TYR-A0035_  ALAA0027_        0.00      0.00      0.00      0.00
TYR-A0035_  LEUA0029_        0.00      0.00      0.00      0.00
TYR-A0035_  CYDA0030_        0.00      0.00      0.00      0.00
TYR-A0035_  GLNA0031_        0.00      0.00      0.00      0.00
TYR-A0035_  THRA0032_       -0.00      0.00      0.00      0.00
TYR-A0035_  PHEA0033_        0.00      0.00      0.00      0.00
TYR-A0035_  VALA0034_        0.00      0.00      0.00      0.00
TYR-A0035_  TYRA0035_        0.00      0.00      0.00     -0.52
TYR-A0035_  CYDA0038_        0.00      0.00      0.00      0.00
TYR-A0035_  ARGA0039_        0.00     -0.25     -0.25      1.00
TYR-A0035_  ALAA0040_        0.00      0.00      0.00      0.00
TYR-A0035_  LYSA0041_        0.00     -0.11     -0.11      0.91
TYR-A0035_  ARGA0042_        0.00     -0.12     -0.12      1.00
TYR-A0035_  ASNA0043_        0.00      0.02      0.02      0.00
TYR-A0035_  ASNA0044_        0.00     -1.07     -1.07      0.00
TYR-A0035_  PHEA0045_        0.00      0.00      0.00      0.00
TYR-A0035_  LYSA0046_        0.00     -0.17     -0.17      0.92
TYR-A0035_  SERA0047_        0.00      0.01      0.01      0.00
TYR-A0035_  ALAA0048_        0.00      0.00      0.00      0.00
TYR-A0035_  GLUA0049_        0.00      0.02      0.02     -1.00
TYR-A0035_  ASPA0050_        0.00      0.07      0.07     -1.00
TYR-A0035_  CYDA0051_        0.00      0.00      0.00      0.00
TYR-A0035_  META0052_        0.00      0.00      0.00      0.00
TYR-A0035_  ARGA0053_        0.00     -0.03     -0.03      1.00
TYR-A0035_  THRA0054_        0.00      0.00      0.00      0.00
TYR-A0035_  CYDA0055_        0.00      0.00      0.00      0.00
TYR-A0035_  ALAA0058_        0.00      0.00      0.00      0.00
TYR-A0035_  CTRA0058_        0.00      0.00      0.00     -1.00
ARG+A0039_  NTRA0001_        0.00      0.00      0.00      0.00
ARG+A0039_  ARGA0001_        0.00      0.00      0.00      0.97
ARG+A0039_  PROA0002_        0.00      0.00      0.00      0.00
ARG+A0039_  ASPA0003_        0.00     -0.01     -0.01     -1.00
ARG+A0039_  PHEA0004_        0.00      0.00      0.00      0.00
ARG+A0039_  CYDA0005_        0.00      0.00      0.00      0.00
ARG+A0039_  LEUA0006_        0.00      0.00      0.00      0.00
ARG+A0039_  GLUA0007_        0.00     -0.05     -0.05     -1.00
ARG+A0039_  PROA0008_        0.00      0.00      0.00      0.00
ARG+A0039_  PROA0009_        0.00      0.00      0.00      0.00
ARG+A0039_  TYRA0010_       -0.03     -0.16     -0.19     -0.89
ARG+A0039_  THRA0011_       -0.00      0.00     -0.00      0.00
ARG+A0039_  PROA0013_        0.00      0.00      0.00      0.00
ARG+A0039_  CYDA0014_        0.00      0.00      0.00      0.00
ARG+A0039_  LYSA0015_        0.00     -0.00     -0.00      0.01
ARG+A0039_  ALAA0016_        0.00      0.00      0.00      0.00
ARG+A0039_  ARGA0017_        0.00      0.01      0.01      0.60
ARG+A0039_  ILEA0018_        0.00      0.00      0.00      0.00
ARG+A0039_  ILEA0019_        0.00      0.00      0.00      0.00
ARG+A0039_  ARGA0020_        0.00      0.06      0.06      0.99
ARG+A0039_  TYRA0021_        0.00     -0.01     -0.01     -0.97
ARG+A0039_  PHEA0022_        0.00      0.00      0.00      0.00
ARG+A0039_  TYRA0023_        0.00     -0.00     -0.00     -0.80
ARG+A0039_  ASNA0024_        0.00      0.00      0.00      0.00
ARG+A0039_  ALAA0025_        0.00      0.00      0.00      0.00
ARG+A0039_  LYSA0026_        0.00      0.00      0.00      0.00
ARG+A0039_  ALAA0027_        0.00      0.00      0.00      0.00
ARG+A0039_  LEUA0029_        0.00      0.00      0.00      0.00
ARG+A0039_  CYDA0030_        0.00      0.00      0.00      0.00
ARG+A0039_  GLNA0031_        0.00      0.00      0.00      0.00
ARG+A0039_  THRA0032_        0.00      0.00      0.00      0.00
ARG+A0039_  PHEA0033_        0.00      0.00      0.00      0.00
ARG+A0039_  VALA0034_        0.00      0.00      0.00      0.00
ARG+A0039_  TYRA0035_        0.00     -0.18     -0.18     -1.00
ARG+A0039_  CYDA0038_        0.00      0.00      0.00      0.00
ARG+A0039_  ARGA0039_        0.00      0.00      0.00      0.48
ARG+A0039_  ALAA0040_        0.00      0.00      0.00      0.00
ARG+A0039_  LYSA0041_       -0.03     -0.01     -0.03      0.01
ARG+A0039_  ARGA0042_        0.00      0.03      0.03      0.70
ARG+A0039_  ASNA0043_        0.00     -0.00     -0.00      0.00
ARG+A0039_  ASNA0044_        0.00      0.01      0.01      0.00
ARG+A0039_  PHEA0045_        0.00      0.00      0.00      0.00
ARG+A0039_  LYSA0046_        0.00     -0.00     -0.00      0.00
ARG+A0039_  SERA0047_        0.00      0.00      0.00      0.00
ARG+A0039_  ALAA0048_        0.00      0.00      0.00      0.00
ARG+A0039_  GLUA0049_        0.00     -0.00     -0.00     -1.00
ARG+A0039_  ASPA0050_        0.00     -0.01     -0.01     -1.00
ARG+A0039_  CYDA0051_        0.00      0.00      0.00      0.00
ARG+A0039_  META0052_        0.00      0.00      0.00      0.00
ARG+A0039_  ARGA0053_        0.00      0.01      0.01      0.92
ARG+A0039_  THRA0054_        0.00      0.00      0.00      0.00
ARG+A0039_  CYDA0055_        0.00      0.00      0.00      0.00
ARG+A0039_  ALAA0058_        0.00      0.00      0.00      0.00
ARG+A0039_  CTRA0058_        0.00     -0.00     -0.00     -1.00
LYS+A0041_  NTRA0001_        0.00      0.00      0.00      0.01
LYS+A0041_  ARGA0001_        0.00      0.03      0.03      1.00
LYS+A0041_  PROA0002_        0.00      0.00      0.00      0.00
LYS+A0041_  ASPA0003_        0.00     -0.06     -0.06     -1.00
LYS+A0041_  PHEA0004_        0.00      0.00      0.00      0.00
LYS+A0041_  CYDA0005_        0.00      0.00      0.00      0.00
LYS+A0041_  LEUA0006_        0.00      0.00      0.00      0.00
LYS+A0041_  GLUA0007_       -0.00     -0.63     -0.63     -1.00
LYS+A0041_  PROA0008_        0.00      0.00      0.00      0.00
LYS+A0041_  PROA0009_        0.00      0.00      0.00      0.00
LYS+A0041_  TYRA0010_       -0.02     -0.26     -0.29     -0.07
LYS+A0041_  THRA0011_       -0.00     -0.00     -0.00      0.00
LYS+A0041_  PROA0013_        0.00      0.00      0.00      0.00
LYS+A0041_  CYDA0014_        0.00      0.00      0.00      0.00
LYS+A0041_  LYSA0015_        0.00      0.03      0.03      0.67
LYS+A0041_  ALAA0016_        0.00      0.00      0.00      0.00
LYS+A0041_  ARGA0017_        0.00      0.01      0.01      1.00
LYS+A0041_  ILEA0018_        0.00      0.00      0.00      0.00
LYS+A0041_  ILEA0019_        0.00      0.00      0.00      0.00
LYS+A0041_  ARGA0020_       -0.00      0.05      0.05      1.00
LYS+A0041_  TYRA0021_        0.00      0.00      0.00     -0.09
LYS+A0041_  PHEA0022_        0.00      0.00      0.00      0.00
LYS+A0041_  TYRA0023_        0.00      0.00      0.00     -0.02
LYS+A0041_  ASNA0024_        0.00     -0.01     -0.01      0.00
LYS+A0041_  ALAA0025_        0.00      0.00      0.00      0.00
LYS+A0041_  LYSA0026_        0.00      0.03      0.03      0.57
LYS+A0041_  ALAA0027_        0.00      0.00      0.00      0.00
LYS+A0041_  LEUA0029_        0.00      0.00      0.00      0.00
LYS+A0041_  CYDA0030_        0.00      0.00      0.00      0.00
LYS+A0041_  GLNA0031_        0.00     -0.01     -0.01      0.00
LYS+A0041_  THRA0032_        0.00     -0.00     -0.00      0.00
LYS+A0041_  PHEA0033_        0.00      0.00      0.00      0.00
LYS+A0041_  VALA0034_        0.00      0.00      0.00      0.00
LYS+A0041_  TYRA0035_        0.00     -0.11     -0.11     -0.92
LYS+A0041_  CYDA0038_        0.00      0.00      0.00      0.00
LYS+A0041_  ARGA0039_       -0.00      0.08      0.08      1.00
LYS+A0041_  ALAA0040_        0.00      0.00      0.00      0.00
LYS+A0041_  LYSA0041_        0.00      0.00      0.00      0.49
LYS+A0041_  ARGA0042_       -0.00      0.09      0.09      1.00
LYS+A0041_  ASNA0043_        0.00      0.03      0.03      0.00
LYS+A0041_  ASNA0044_        0.00      0.09      0.09      0.00
LYS+A0041_  PHEA0045_        0.00      0.00      0.00      0.00
LYS+A0041_  LYSA0046_        0.00      0.01      0.01      0.50
LYS+A0041_  SERA0047_        0.00     -0.00     -0.00      0.00
LYS+A0041_  ALAA0048_        0.00      0.00      0.00      0.00
LYS+A0041_  GLUA0049_        0.00     -0.01     -0.01     -1.00
LYS+A0041_  ASPA0050_        0.00     -0.01     -0.01     -1.00
LYS+A0041_  CYDA0051_        0.00      0.00      0.00      0.00
LYS+A0041_  META0052_        0.00      0.00      0.00      0.00
LYS+A0041_  ARGA0053_        0.00      0.01      0.01      1.00
LYS+A0041_  THRA0054_        0.00     -0.00     -0.00      0.00
LYS+A0041_  CYDA0055_        0.00      0.00      0.00      0.00
LYS+A0041_  ALAA0058_        0.00      0.00      0.00      0.00
LYS+A0041_  CTRA0058_        0.00     -0.01     -0.01     -1.00
ARG+A0042_  NTRA0001_        0.00      0.00      0.00      0.00
ARG+A0042_  ARGA0001_        0.00      0.05      0.05      0.96
ARG+A0042_  PROA0002_        0.00      0.00      0.00      0.00
ARG+A0042_  ASPA0003_        0.00     -0.07     -0.07     -1.00
ARG+A0042_  PHEA0004_        0.00      0.00      0.00      0.00
ARG+A0042_  CYDA0005_        0.00      0.00      0.00      0.00
ARG+A0042_  LEUA0006_        0.00      0.00      0.00      0.00
ARG+A0042_  GLUA0007_       -0.00     -0.25     -0.25     -1.00
ARG+A0042_  PROA0008_        0.00      0.00      0.00      0.00
ARG+A0042_  PROA0009_        0.00      0.00      0.00      0.00
ARG+A0042_  TYRA0010_       -0.00     -0.05     -0.05     -0.95
ARG+A0042_  THRA0011_        0.00      0.00      0.00      0.00
ARG+A0042_  PROA0013_        0.00      0.00      0.00      0.00
ARG+A0042_  CYDA0014_        0.00      0.00      0.00      0.00
ARG+A0042_  LYSA0015_        0.00      0.00      0.00      0.00
ARG+A0042_  ALAA0016_        0.00      0.00      0.00      0.00
ARG+A0042_  ARGA0017_        0.00      0.00      0.00      0.41
ARG+A0042_  ILEA0018_        0.00      0.00      0.00      0.00
ARG+A0042_  ILEA0019_        0.00      0.00      0.00      0.00
ARG+A0042_  ARGA0020_        0.00      0.13      0.13      0.96
ARG+A0042_  TYRA0021_        0.00     -0.02     -0.02     -0.99
ARG+A0042_  PHEA0022_        0.00      0.00      0.00      0.00
ARG+A0042_  TYRA0023_       -0.00     -0.05     -0.05     -0.88
ARG+A0042_  ASNA0024_        0.00      0.00      0.00      0.00
ARG+A0042_  ALAA0025_        0.00      0.00      0.00      0.00
ARG+A0042_  LYSA0026_        0.00      0.00      0.00      0.00
ARG+A0042_  ALAA0027_        0.00      0.00      0.00      0.00
ARG+A0042_  LEUA0029_        0.00      0.00      0.00      0.00
ARG+A0042_  CYDA0030_        0.00      0.00      0.00      0.00
ARG+A0042_  GLNA0031_        0.00     -0.00     -0.00      0.00
ARG+A0042_  THRA0032_        0.00      0.00      0.00      0.00
ARG+A0042_  PHEA0033_        0.00      0.00      0.00      0.00
ARG+A0042_  VALA0034_        0.00      0.00      0.00      0.00
ARG+A0042_  TYRA0035_        0.00     -0.13     -0.13     -1.00
ARG+A0042_  CYDA0038_        0.00      0.00      0.00      0.00
ARG+A0042_  ARGA0039_        0.00      0.02      0.02      0.31
ARG+A0042_  ALAA0040_        0.00      0.00      0.00      0.00
ARG+A0042_  LYSA0041_       -0.08     -0.01     -0.09      0.01
ARG+A0042_  ARGA0042_        0.00      0.00      0.00      0.51
ARG+A0042_  ASNA0043_        0.00     -0.04     -0.04      0.00
ARG+A0042_  ASNA0044_        0.00     -0.01     -0.01      0.00
ARG+A0042_  PHEA0045_        0.00      0.00      0.00      0.00
ARG+A0042_  LYSA0046_        0.00     -0.01     -0.01      0.00
ARG+A0042_  SERA0047_        0.00     -0.00     -0.00      0.00
ARG+A0042_  ALAA0048_        0.00      0.00      0.00      0.00
ARG+A0042_  GLUA0049_        0.00     -0.02     -0.02     -1.00
ARG+A0042_  ASPA0050_        0.00     -0.13     -0.13     -1.00
ARG+A0042_  CYDA0051_        0.00      0.00      0.00      0.00
ARG+A0042_  META0052_        0.00      0.00      0.00      0.00
ARG+A0042_  ARGA0053_        0.00      0.08      0.08      0.84
ARG+A0042_  THRA0054_       -0.01     -0.02     -0.03      0.00
ARG+A0042_  CYDA0055_        0.00      0.00      0.00      0.00
ARG+A0042_  ALAA0058_        0.00      0.00      0.00      0.00
ARG+A0042_  CTRA0058_        0.00     -0.01     -0.01     -1.00
LYS+A0046_  NTRA0001_        0.00      0.00      0.00      0.01
LYS+A0046_  ARGA0001_        0.00      0.01      0.01      1.00
LYS+A0046_  PROA0002_        0.00      0.00      0.00      0.00
LYS+A0046_  ASPA0003_        0.00     -0.01     -0.01     -1.00
LYS+A0046_  PHEA0004_        0.00      0.00      0.00      0.00
LYS+A0046_  CYDA0005_        0.00      0.00      0.00      0.00
LYS+A0046_  LEUA0006_        0.00      0.00      0.00      0.00
LYS+A0046_  GLUA0007_        0.00     -0.05     -0.05     -1.00
LYS+A0046_  PROA0008_        0.00      0.00      0.00      0.00
LYS+A0046_  PROA0009_        0.00      0.00      0.00      0.00
LYS+A0046_  TYRA0010_        0.00     -0.00     -0.00     -0.07
LYS+A0046_  THRA0011_        0.00      0.00      0.00      0.00
LYS+A0046_  PROA0013_        0.00      0.00      0.00      0.00
LYS+A0046_  CYDA0014_        0.00      0.00      0.00      0.00
LYS+A0046_  LYSA0015_        0.00      0.00      0.00      0.69
LYS+A0046_  ALAA0016_        0.00      0.00      0.00      0.00
LYS+A0046_  ARGA0017_        0.00      0.02      0.02      1.00
LYS+A0046_  ILEA0018_        0.00      0.00      0.00      0.00
LYS+A0046_  ILEA0019_        0.00      0.00      0.00      0.00
LYS+A0046_  ARGA0020_       -0.00      0.47      0.46      1.00
LYS+A0046_  TYRA0021_       -0.05      0.00     -0.05     -0.08
LYS+A0046_  PHEA0022_        0.00      0.00      0.00      0.00
LYS+A0046_  TYRA0023_        0.00      0.00      0.00     -0.01
LYS+A0046_  ASNA0024_        0.00      0.00      0.00      0.00
LYS+A0046_  ALAA0025_        0.00      0.00      0.00      0.00
LYS+A0046_  LYSA0026_        0.00      0.00      0.00      0.58
LYS+A0046_  ALAA0027_        0.00      0.00      0.00      0.00
LYS+A0046_  LEUA0029_        0.00      0.00      0.00      0.00
LYS+A0046_  CYDA0030_        0.00      0.00      0.00      0.00
LYS+A0046_  GLNA0031_        0.00      0.00      0.00      0.00
LYS+A0046_  THRA0032_        0.00     -0.00     -0.00      0.00
LYS+A0046_  PHEA0033_        0.00      0.00      0.00      0.00
LYS+A0046_  VALA0034_        0.00      0.00      0.00      0.00
LYS+A0046_  TYRA0035_        0.00     -0.20     -0.20     -0.92
LYS+A0046_  CYDA0038_        0.00      0.00      0.00      0.00
LYS+A0046_  ARGA0039_        0.00      0.04      0.04      1.00
LYS+A0046_  ALAA0040_        0.00      0.00      0.00      0.00
LYS+A0046_  LYSA0041_        0.00      0.01      0.01      0.50
LYS+A0046_  ARGA0042_        0.00      0.11      0.11      1.00
LYS+A0046_  ASNA0043_        0.00     -0.02     -0.02      0.00
LYS+A0046_  ASNA0044_        0.00     -0.07     -0.07      0.00
LYS+A0046_  PHEA0045_        0.00      0.00      0.00      0.00
LYS+A0046_  LYSA0046_        0.00      0.00      0.00      0.51
LYS+A0046_  SERA0047_        0.00     -0.01     -0.01      0.00
LYS+A0046_  ALAA0048_        0.00      0.00      0.00      0.00
LYS+A0046_  GLUA0049_        0.00     -0.05     -0.05     -1.00
LYS+A0046_  ASPA0050_        0.00     -0.24     -0.24     -1.00
LYS+A0046_  CYDA0051_        0.00      0.00      0.00      0.00
LYS+A0046_  META0052_        0.00      0.00      0.00      0.00
LYS+A0046_  ARGA0053_        0.00      0.09      0.09      1.00
LYS+A0046_  THRA0054_        0.00     -0.00     -0.00      0.00
LYS+A0046_  CYDA0055_        0.00      0.00      0.00      0.00
LYS+A0046_  ALAA0058_        0.00      0.00      0.00      0.00
LYS+A0046_  CTRA0058_        0.00     -0.01     -0.01     -1.00
GLU-A0049_  NTRA0001_        0.00     -0.02     -0.02      1.00
GLU-A0049_  ARGA0001_        0.00     -0.03     -0.03      1.00
GLU-A0049_  PROA0002_        0.00      0.00      0.00      0.00
GLU-A0049_  ASPA0003_        0.00      0.00      0.00     -0.83
GLU-A0049_  PHEA0004_        0.00      0.00      0.00      0.00
GLU-A0049_  CYDA0005_        0.00      0.00      0.00      0.00
GLU-A0049_  LEUA0006_        0.00      0.00      0.00      0.00
GLU-A0049_  GLUA0007_        0.00      0.00      0.00     -0.02
GLU-A0049_  PROA0008_        0.00      0.00      0.00      0.00
GLU-A0049_  PROA0009_        0.00      0.00      0.00      0.00
GLU-A0049_  TYRA0010_        0.00      0.00      0.00      0.00
GLU-A0049_  THRA0011_        0.00     -0.00     -0.00      0.00
GLU-A0049_  PROA0013_        0.00      0.00      0.00      0.00
GLU-A0049_  CYDA0014_        0.00      0.00      0.00      0.00
GLU-A0049_  LYSA0015_        0.00     -0.00     -0.00      1.00
GLU-A0049_  ALAA0016_        0.00      0.00      0.00      0.00
GLU-A0049_  ARGA0017_        0.00     -0.01     -0.01      1.00
GLU-A0049_  ILEA0018_        0.00      0.00      0.00      0.00
GLU-A0049_  ILEA0019_        0.00      0.00      0.00      0.00
GLU-A0049_  ARGA0020_        0.00     -0.06     -0.06      1.00
GLU-A0049_  TYRA0021_        0.00      0.03      0.03      0.00
GLU-A0049_  PHEA0022_        0.00      0.00      0.00      0.00
GLU-A0049_  TYRA0023_        0.00      0.00      0.00      0.00
GLU-A0049_  ASNA0024_        0.00     -0.00     -0.00      0.00
GLU-A0049_  ALAA0025_        0.00      0.00      0.00      0.00
GLU-A0049_  LYSA0026_        0.00     -0.01     -0.01      1.00
GLU-A0049_  ALAA0027_        0.00      0.00      0.00      0.00
GLU-A0049_  LEUA0029_        0.00      0.00      0.00      0.00
GLU-A0049_  CYDA0030_        0.00      0.00      0.00      0.00
GLU-A0049_  GLNA0031_        0.00     -0.01     -0.01      0.00
GLU-A0049_  THRA0032_       -0.00     -0.00     -0.01      0.00
GLU-A0049_  PHEA0033_        0.00      0.00      0.00      0.00
GLU-A0049_  VALA0034_        0.00      0.00      0.00      0.00
GLU-A0049_  TYRA0035_        0.00      0.00      0.00      0.00
GLU-A0049_  CYDA0038_        0.00      0.00      0.00      0.00
GLU-A0049_  ARGA0039_        0.00     -0.00     -0.00      1.00
GLU-A0049_  ALAA0040_        0.00      0.00      0.00      0.00
GLU-A0049_  LYSA0041_        0.00     -0.01     -0.01      1.00
GLU-A0049_  ARGA0042_        0.00     -0.01     -0.01      1.00
GLU-A0049_  ASNA0043_        0.00      0.01      0.01      0.00
GLU-A0049_  ASNA0044_        0.00      0.01      0.01      0.00
GLU-A0049_  PHEA0045_        0.00      0.00      0.00      0.00
GLU-A0049_  LYSA0046_        0.00     -0.04     -0.04      1.00
GLU-A0049_  SERA0047_        0.00      0.06      0.06      0.00
GLU-A0049_  ALAA0048_        0.00      0.00      0.00      0.00
GLU-A0049_  GLUA0049_        0.00      0.00      0.00     -0.52
GLU-A0049_  ASPA0050_        0.00      0.19      0.19     -0.98
GLU-A0049_  CYDA0051_        0.00      0.00      0.00      0.00
GLU-A0049_  META0052_       -0.09     -0.00     -0.09      0.00
GLU-A0049_  ARGA0053_        0.00     -0.17     -0.16      1.00
GLU-A0049_  THRA0054_       -0.00     -0.00     -0.00      0.00
GLU-A0049_  CYDA0055_        0.00      0.00      0.00      0.00
GLU-A0049_  ALAA0058_        0.00      0.00      0.00      0.00
GLU-A0049_  CTRA0058_        0.00      0.01      0.01     -0.52
ASP-A0050_  NTRA0001_        0.00     -0.04     -0.04      1.00
ASP-A0050_  ARGA0001_        0.00     -0.03     -0.03      1.00
ASP-A0050_  PROA0002_        0.00      0.00      0.00      0.00
ASP-A0050_  ASPA0003_        0.00      0.00      0.00     -0.08
ASP-A0050_  PHEA0004_        0.00      0.00      0.00      0.00
ASP-A0050_  CYDA0005_        0.00      0.00      0.00      0.00
ASP-A0050_  LEUA0006_        0.00      0.00      0.00      0.00
ASP-A0050_  GLUA0007_        0.00      0.01      0.01      0.00
ASP-A0050_  PROA0008_        0.00      0.00      0.00      0.00
ASP-A0050_  PROA0009_        0.00      0.00      0.00      0.00
ASP-A0050_  TYRA0010_        0.00      0.00      0.00      0.00
ASP-A0050_  THRA0011_        0.00     -0.00     -0.00      0.00
ASP-A0050_  PROA0013_        0.00      0.00      0.00      0.00
ASP-A0050_  CYDA0014_        0.00      0.00      0.00      0.00
ASP-A0050_  LYSA0015_        0.00     -0.00     -0.00      1.00
ASP-A0050_  ALAA0016_        0.00      0.00      0.00      0.00
ASP-A0050_  ARGA0017_        0.00     -0.01     -0.01      1.00
ASP-A0050_  ILEA0018_        0.00      0.00      0.00      0.00
ASP-A0050_  ILEA0019_        0.00      0.00      0.00      0.00
ASP-A0050_  ARGA0020_        0.00     -0.16     -0.16      1.00
ASP-A0050_  TYRA0021_       -0.03     -0.01     -0.03      0.00
ASP-A0050_  PHEA0022_        0.00      0.00      0.00      0.00
ASP-A0050_  TYRA0023_        0.00     -0.00     -0.00      0.00
ASP-A0050_  ASNA0024_        0.00     -0.00     -0.00      0.00
ASP-A0050_  ALAA0025_        0.00      0.00      0.00      0.00
ASP-A0050_  LYSA0026_        0.00     -0.00     -0.00      1.00
ASP-A0050_  ALAA0027_        0.00      0.00      0.00      0.00
ASP-A0050_  LEUA0029_        0.00      0.00      0.00      0.00
ASP-A0050_  CYDA0030_        0.00      0.00      0.00      0.00
ASP-A0050_  GLNA0031_        0.00     -0.00     -0.00      0.00
ASP-A0050_  THRA0032_        0.00      0.00      0.00      0.00
ASP-A0050_  PHEA0033_        0.00      0.00      0.00      0.00
ASP-A0050_  VALA0034_        0.00      0.00      0.00      0.00
ASP-A0050_  TYRA0035_        0.00      0.01      0.01      0.00
ASP-A0050_  CYDA0038_        0.00      0.00      0.00      0.00
ASP-A0050_  ARGA0039_        0.00     -0.02     -0.02      1.00
ASP-A0050_  ALAA0040_        0.00      0.00      0.00      0.00
ASP-A0050_  LYSA0041_        0.00     -0.01     -0.01      1.00
ASP-A0050_  ARGA0042_        0.00     -0.12     -0.12      1.00
ASP-A0050_  ASNA0043_        0.00      0.04      0.04      0.00
ASP-A0050_  ASNA0044_       -0.00      0.04      0.04      0.00
ASP-A0050_  PHEA0045_        0.00      0.00      0.00      0.00
ASP-A0050_  LYSA0046_        0.01     -0.24     -0.23      1.00
ASP-A0050_  SERA0047_        0.01      0.24      0.26      0.00
ASP-A0050_  ALAA0048_        0.00      0.00      0.00      0.00
ASP-A0050_  GLUA0049_       -0.03      0.04      0.02     -0.02
ASP-A0050_  ASPA0050_        0.00      0.00      0.00     -0.52
ASP-A0050_  CYDA0051_        0.00      0.00      0.00      0.00
ASP-A0050_  META0052_        0.00      0.00      0.00      0.00
ASP-A0050_  ARGA0053_        0.00     -1.03     -1.03      1.00
ASP-A0050_  THRA0054_        0.00     -0.01     -0.01      0.00
ASP-A0050_  CYDA0055_        0.00      0.00      0.00      0.00
ASP-A0050_  ALAA0058_        0.00      0.00      0.00      0.00
ASP-A0050_  CTRA0058_        0.00      0.00      0.00     -0.01
ARG+A0053_  NTRA0001_        0.00      0.00      0.00      0.00
ARG+A0053_  ARGA0001_        0.00      0.05      0.05      0.95
ARG+A0053_  PROA0002_        0.00      0.00      0.00      0.00
ARG+A0053_  ASPA0003_        0.00     -0.01     -0.01     -1.00
ARG+A0053_  PHEA0004_        0.00      0.00      0.00      0.00
ARG+A0053_  CYDA0005_        0.00      0.00      0.00      0.00
ARG+A0053_  LEUA0006_        0.00      0.00      0.00      0.00
ARG+A0053_  GLUA0007_        0.00     -0.03     -0.03     -1.00
ARG+A0053_  PROA0008_        0.00      0.00      0.00      0.00
ARG+A0053_  PROA0009_        0.00      0.00      0.00      0.00
ARG+A0053_  TYRA0010_        0.00     -0.01     -0.01     -0.99
ARG+A0053_  THRA0011_        0.00      0.00      0.00      0.00
ARG+A0053_  PROA0013_        0.00      0.00      0.00      0.00
ARG+A0053_  CYDA0014_        0.00      0.00      0.00      0.00
ARG+A0053_  LYSA0015_        0.00      0.00      0.00      0.00
ARG+A0053_  ALAA0016_        0.00      0.00      0.00      0.00
ARG+A0053_  ARGA0017_        0.00      0.00      0.00      0.12
ARG+A0053_  ILEA0018_        0.00      0.00      0.00      0.00
ARG+A0053_  ILEA0019_        0.00      0.00      0.00      0.00
ARG+A0053_  ARGA0020_        0.00      0.06      0.06      0.90
ARG+A0053_  TYRA0021_        0.00     -0.06     -0.06     -1.00
ARG+A0053_  PHEA0022_        0.00      0.00      0.00      0.00
ARG+A0053_  TYRA0023_       -0.00     -0.05     -0.05     -0.95
ARG+A0053_  ASNA0024_        0.00      0.00      0.00      0.00
ARG+A0053_  ALAA0025_        0.00      0.00      0.00      0.00
ARG+A0053_  LYSA0026_        0.00      0.00      0.00      0.00
ARG+A0053_  ALAA0027_        0.00      0.00      0.00      0.00
ARG+A0053_  LEUA0029_        0.00      0.00      0.00      0.00
ARG+A0053_  CYDA0030_        0.00      0.00      0.00      0.00
ARG+A0053_  GLNA0031_        0.00      0.00      0.00      0.00
ARG+A0053_  THRA0032_        0.00      0.00      0.00      0.00
ARG+A0053_  PHEA0033_        0.00      0.00      0.00      0.00
ARG+A0053_  VALA0034_        0.00      0.00      0.00      0.00
ARG+A0053_  TYRA0035_        0.00     -0.04     -0.04     -1.00
ARG+A0053_  CYDA0038_        0.00      0.00      0.00      0.00
ARG+A0053_  ARGA0039_        0.00      0.00      0.00      0.08
ARG+A0053_  ALAA0040_        0.00      0.00      0.00      0.00
ARG+A0053_  LYSA0041_        0.00      0.00      0.00      0.00
ARG+A0053_  ARGA0042_        0.00      0.01      0.01      0.20
ARG+A0053_  ASNA0043_        0.00     -0.02     -0.02      0.00
ARG+A0053_  ASNA0044_        0.00     -0.01     -0.01      0.00
ARG+A0053_  PHEA0045_        0.00      0.00      0.00      0.00
ARG+A0053_  LYSA0046_       -0.00     -0.00     -0.01      0.00
ARG+A0053_  SERA0047_       -0.00     -0.01     -0.01      0.00
ARG+A0053_  ALAA0048_        0.00      0.00      0.00      0.00
ARG+A0053_  GLUA0049_       -0.00     -0.15     -0.15     -1.00
ARG+A0053_  ASPA0050_       -0.01     -1.18     -1.19     -1.00
ARG+A0053_  CYDA0051_        0.00      0.00      0.00      0.00
ARG+A0053_  META0052_       -0.06      0.00     -0.06      0.00
ARG+A0053_  ARGA0053_        0.00      0.00      0.00      0.69
ARG+A0053_  THRA0054_       -0.02      0.08      0.06      0.00
ARG+A0053_  CYDA0055_        0.00      0.00      0.00      0.00
ARG+A0053_  ALAA0058_        0.00      0.00      0.00      0.00
ARG+A0053_  CTRA0058_        0.00     -0.06     -0.06     -1.00
CTR-A0058_  NTRA0001_        0.00     -0.19     -0.19      1.00
CTR-A0058_  ARGA0001_        0.00     -0.23     -0.23      1.00
CTR-A0058_  PROA0002_        0.00      0.00      0.00      0.00
CTR-A0058_  ASPA0003_        0.00      0.03      0.03     -0.83
CTR-A0058_  PHEA0004_        0.00      0.00      0.00      0.00
CTR-A0058_  CYDA0005_        0.00      0.00      0.00      0.00
CTR-A0058_  LEUA0006_        0.00      0.00      0.00      0.00
CTR-A0058_  GLUA0007_        0.00      0.00      0.00     -0.02
CTR-A0058_  PROA0008_        0.00      0.00      0.00      0.00
CTR-A0058_  PROA0009_        0.00      0.00      0.00      0.00
CTR-A0058_  TYRA0010_        0.00      0.00      0.00      0.00
CTR-A0058_  THRA0011_        0.00      0.00      0.00      0.00
CTR-A0058_  PROA0013_        0.00      0.00      0.00      0.00
CTR-A0058_  CYDA0014_        0.00      0.00      0.00      0.00
CTR-A0058_  LYSA0015_        0.00     -0.00     -0.00      1.00
CTR-A0058_  ALAA0016_        0.00      0.00      0.00      0.00
CTR-A0058_  ARGA0017_        0.00     -0.00     -0.00      1.00
CTR-A0058_  ILEA0018_        0.00      0.00      0.00      0.00
CTR-A0058_  ILEA0019_        0.00      0.00      0.00      0.00
CTR-A0058_  ARGA0020_        0.00     -0.01     -0.01      1.00
CTR-A0058_  TYRA0021_        0.00      0.00      0.00      0.00
CTR-A0058_  PHEA0022_        0.00      0.00      0.00      0.00
CTR-A0058_  TYRA0023_        0.00      0.02      0.02      0.00
CTR-A0058_  ASNA0024_        0.00     -0.00     -0.00      0.00
CTR-A0058_  ALAA0025_        0.00      0.00      0.00      0.00
CTR-A0058_  LYSA0026_        0.00     -0.01     -0.01      1.00
CTR-A0058_  ALAA0027_        0.00      0.00      0.00      0.00
CTR-A0058_  LEUA0029_        0.00      0.00      0.00      0.00
CTR-A0058_  CYDA0030_        0.00      0.00      0.00      0.00
CTR-A0058_  GLNA0031_        0.00     -0.00     -0.00      0.00
CTR-A0058_  THRA0032_        0.00      0.00      0.00      0.00
CTR-A0058_  PHEA0033_        0.00      0.00      0.00      0.00
CTR-A0058_  VALA0034_        0.00      0.00      0.00      0.00
CTR-A0058_  TYRA0035_        0.00      0.00      0.00      0.00
CTR-A0058_  CYDA0038_        0.00      0.00      0.00      0.00
CTR-A0058_  ARGA0039_        0.00     -0.00     -0.00      1.00
CTR-A0058_  ALAA0040_        0.00      0.00      0.00      0.00
CTR-A0058_  LYSA0041_        0.00     -0.01     -0.01      1.00
CTR-A0058_  ARGA0042_        0.00     -0.01     -0.01      1.00
CTR-A0058_  ASNA0043_        0.00      0.01      0.01      0.00
CTR-A0058_  ASNA0044_        0.00      0.00      0.00      0.00
CTR-A0058_  PHEA0045_        0.00      0.00      0.00      0.00
CTR-A0058_  LYSA0046_        0.00     -0.01     -0.01      1.00
CTR-A0058_  SERA0047_        0.00      0.00      0.00      0.00
CTR-A0058_  ALAA0048_        0.00      0.00      0.00      0.00
CTR-A0058_  GLUA0049_        0.00      0.01      0.01     -0.51
CTR-A0058_  ASPA0050_        0.00      0.02      0.02     -0.98
CTR-A0058_  CYDA0051_        0.00      0.00      0.00      0.00
CTR-A0058_  META0052_       -0.00     -0.00     -0.00      0.00
CTR-A0058_  ARGA0053_        0.00     -0.06     -0.06      1.00
CTR-A0058_  THRA0054_        0.00     -0.00     -0.00      0.00
CTR-A0058_  CYDA0055_        0.00      0.00      0.00      0.00
CTR-A0058_  ALAA0058_        0.00      0.00      0.00      0.00
CTR-A0058_  CTRA0058_        0.00      0.00      0.00     -0.52
