 ph              0.0   1.0   2.0   3.0   4.0   5.0   6.0   7.0   8.0   9.0  10.0  11.0  12.0  13.0  14.0
NTR+A0001_      1.00  1.00  1.00  1.00  1.00  1.00  0.99  0.90  0.47  0.08  0.01  0.00  0.00  0.00  0.00
ARG+A0001_      1.00  1.00  1.00  1.00  1.00  1.00  1.00  1.00  1.00  1.00  1.00  1.00  0.98  0.96  0.95
ASP-A0003_      0.00 -0.01 -0.09 -0.50 -0.90 -0.99 -1.00 -1.00 -1.00 -1.00 -1.00 -1.00 -1.00 -1.00 -1.00
GLU-A0007_      0.00  0.00  0.00 -0.00 -0.02 -0.15 -0.64 -0.95 -0.99 -1.00 -1.00 -1.00 -1.00 -1.00 -1.00
TYR-A0010_      0.00  0.00  0.00  0.00  0.00  0.00  0.00  0.00 -0.00 -0.02 -0.07 -0.18 -0.58 -0.93 -0.99
LYS+A0015_      1.00  1.00  1.00  1.00  1.00  1.00  1.00  1.00  0.99  0.95  0.69  0.20  0.03  0.00  0.00
ARG+A0017_      1.00  1.00  1.00  1.00  1.00  1.00  1.00  1.00  1.00  1.00  1.00  0.99  0.92  0.55  0.12
ARG+A0020_      1.00  1.00  1.00  1.00  1.00  1.00  1.00  1.00  1.00  1.00  1.00  1.00  1.00  0.98  0.90
TYR-A0021_      0.00  0.00  0.00  0.00  0.00  0.00  0.00  0.00 -0.00 -0.01 -0.08 -0.42 -0.87 -0.98 -1.00
TYR-A0023_      0.00  0.00  0.00  0.00  0.00  0.00  0.00  0.00  0.00 -0.00 -0.01 -0.09 -0.43 -0.85 -0.95
LYS+A0026_      1.00  1.00  1.00  1.00  1.00  1.00  1.00  1.00  0.99  0.93  0.58  0.13  0.02  0.00  0.00
TYR-A0035_      0.00  0.00  0.00  0.00  0.00  0.00 -0.00 -0.02 -0.17 -0.65 -0.92 -0.98 -1.00 -1.00 -1.00
ARG+A0039_      1.00  1.00  1.00  1.00  1.00  1.00  1.00  1.00  1.00  1.00  1.00  0.99  0.89  0.42  0.08
LYS+A0041_      1.00  1.00  1.00  1.00  1.00  1.00  1.00  1.00  0.98  0.89  0.50  0.15  0.04  0.01  0.00
ARG+A0042_      1.00  1.00  1.00  1.00  1.00  1.00  1.00  1.00  1.00  1.00  1.00  0.99  0.94  0.66  0.20
LYS+A0046_      1.00  1.00  1.00  1.00  1.00  1.00  1.00  1.00  0.99  0.90  0.51  0.10  0.01  0.00  0.00
GLU-A0049_      0.00  0.00 -0.02 -0.14 -0.59 -0.94 -0.99 -1.00 -1.00 -1.00 -1.00 -1.00 -1.00 -1.00 -1.00
ASP-A0050_     -0.01 -0.13 -0.59 -0.93 -0.99 -1.00 -1.00 -1.00 -1.00 -1.00 -1.00 -1.00 -1.00 -1.00 -1.00
ARG+A0053_      1.00  1.00  1.00  1.00  1.00  1.00  1.00  1.00  1.00  1.00  1.00  1.00  0.99  0.91  0.69
CTR-A0058_      0.00 -0.00 -0.02 -0.13 -0.60 -0.93 -0.99 -1.00 -1.00 -1.00 -1.00 -1.00 -1.00 -1.00 -1.00
---------------------------------------------------------------------------------------------------------
Net_Charge     10.99 10.86 10.28  9.30  7.90  6.99  6.36  5.93  5.25  4.07  2.22 -0.13 -2.05 -4.25 -5.99
Protons        10.99 10.86 10.28  9.30  7.90  6.99  6.36  5.93  5.25  4.07  2.22 -0.13 -2.05 -4.25 -5.99
Electrons       0.00  0.00  0.00  0.00  0.00  0.00  0.00  0.00  0.00  0.00  0.00  0.00  0.00  0.00  0.00
