   confID        vdw0    sas     sum
NTR01A0001_001  -0.003  -1.840  -1.843
NTR+1A0001_002  -0.005  -1.840  -1.845
ARG01A0001_001   3.354  -6.582  -3.229
ARG02A0001_002   3.317  -6.582  -3.265
ARG03A0001_003   3.310  -6.582  -3.273
ARG03A0001_004   3.316  -6.582  -3.267
ARG+1A0001_005   3.268  -6.582  -3.314
PRO01A0002_001   0.208  -3.505  -3.297
ASP01A0003_001   0.034  -2.615  -2.581
ASP01A0003_002   0.034  -2.615  -2.581
ASP02A0003_003   0.094  -2.738  -2.644
ASP02A0003_004   0.094  -2.738  -2.644
ASP-1A0003_005   0.032  -2.607  -2.575
PHE01A0004_001   4.770  -6.065  -1.295
CYD01A0005_001   0.000  -1.798  -1.798
LEU01A0006_001   0.945  -5.891  -4.946
GLU01A0007_001   1.331  -1.572  -0.242
GLU01A0007_002   1.331  -1.572  -0.242
GLU02A0007_003   1.533  -1.565  -0.032
GLU02A0007_004   1.533  -1.565  -0.032
GLU-1A0007_005   1.237  -1.536  -0.299
PRO01A0008_001   0.192  -4.392  -4.200
PRO01A0009_001   0.214  -3.657  -3.444
TYR01A0010_001   5.137  -7.005  -1.869
TYR-1A0010_002   5.137  -7.005  -1.869
THR01A0011_001   0.136  -3.908  -3.772
THR01A0011_002   0.136  -3.908  -3.772
PRO01A0013_001   0.194  -3.915  -3.721
CYD01A0014_001   0.000  -2.387  -2.387
LYS01A0015_001   0.412  -6.890  -6.478
LYS+1A0015_002   0.365  -6.890  -6.525
ALA01A0016_001   0.000  -2.222  -2.222
ARG01A0017_001   7.839  -7.746   0.093
ARG02A0017_002   7.786  -7.746   0.040
ARG03A0017_003   7.776  -7.746   0.030
ARG+1A0017_004   7.737  -7.746  -0.009
ILE01A0018_001   3.141  -5.383  -2.242
ILE01A0019_001   2.327  -6.010  -3.683
ARG01A0020_001   0.476  -5.805  -5.330
ARG02A0020_002   0.461  -5.805  -5.344
ARG02A0020_003   0.538  -5.805  -5.267
ARG03A0020_004   0.455  -5.805  -5.350
ARG+1A0020_005   0.417  -5.805  -5.388
TYR01A0021_001   4.827  -6.701  -1.873
TYR-1A0021_002   4.827  -6.701  -1.873
PHE01A0022_001   4.485  -5.260  -0.774
TYR01A0023_001   4.890  -6.199  -1.309
TYR-1A0023_002   4.890  -6.199  -1.309
ASN01A0024_001   0.430  -1.528  -1.098
ASN01A0024_002   0.146  -1.459  -1.313
ALA01A0025_001   0.000  -2.106  -2.106
LYS01A0026_001   1.270  -6.752  -5.483
LYS+1A0026_002   1.182  -6.752  -5.571
ALA01A0027_001   0.000  -2.054  -2.054
LEU01A0029_001   1.425  -6.110  -4.685
CYD01A0030_001   0.000  -1.906  -1.906
GLN01A0031_001   2.790  -2.186   0.605
GLN01A0031_002   1.621  -2.126  -0.505
THR01A0032_001   0.225  -3.784  -3.559
PHE01A0033_001   4.269  -5.889  -1.619
VAL01A0034_001   0.485  -5.080  -4.595
TYR01A0035_001   4.389  -5.642  -1.253
TYR-1A0035_002   4.389  -5.642  -1.253
CYD01A0038_001   0.000  -2.121  -2.121
ARG01A0039_001   2.777  -7.507  -4.730
ARG02A0039_002   2.737  -7.507  -4.770
ARG03A0039_003   2.730  -7.507  -4.776
ARG+1A0039_004   2.693  -7.507  -4.814
ALA01A0040_001   0.000  -1.919  -1.919
LYS01A0041_001   1.558  -6.296  -4.738
LYS+1A0041_002   1.510  -6.296  -4.786
ARG01A0042_001   2.877  -7.692  -4.816
ARG02A0042_002   2.879  -7.692  -4.814
ARG03A0042_003   2.826  -7.692  -4.867
ARG+1A0042_004   2.781  -7.692  -4.911
ASN01A0043_001   0.097  -0.804  -0.706
ASN01A0044_001   0.235  -0.837  -0.602
ASN01A0044_002   0.089  -1.061  -0.972
PHE01A0045_001   4.294  -5.383  -1.088
LYS01A0046_001   0.816  -7.011  -6.194
LYS+1A0046_002   0.770  -7.011  -6.240
SER01A0047_001   0.000  -2.336  -2.336
SER01A0047_002   0.000  -2.336  -2.336
SER01A0047_003   0.000  -2.336  -2.336
ALA01A0048_001   0.000  -2.173  -2.173
GLU01A0049_001   1.181  -2.442  -1.261
GLU01A0049_002   1.181  -2.442  -1.261
GLU02A0049_003   1.441  -2.354  -0.913
GLU02A0049_004   1.441  -2.354  -0.913
GLU-1A0049_005   1.121  -2.323  -1.201
ASP01A0050_001   0.152  -2.105  -1.953
ASP01A0050_002   0.152  -2.105  -1.953
ASP02A0050_003   0.249  -2.076  -1.827
ASP02A0050_004   0.249  -2.076  -1.827
ASP-1A0050_005   0.150  -2.043  -1.893
CYD01A0051_001   0.000  -1.530  -1.530
MET01A0052_001   0.051  -5.628  -5.577
ARG01A0053_001   2.387  -7.377  -4.990
ARG02A0053_002   2.401  -7.377  -4.976
ARG03A0053_003   2.341  -7.377  -5.036
ARG03A0053_004   2.347  -7.377  -5.030
ARG+1A0053_005   2.299  -7.377  -5.078
THR01A0054_001   0.026  -3.411  -3.385
THR01A0054_002   0.026  -3.411  -3.385
CYD01A0055_001   0.000  -1.942  -1.942
ALA01A0058_001   0.000  -2.510  -2.510
CTR01A0058_001  -0.025  -2.830  -2.855
CTR01A0058_002   0.126  -2.786  -2.660
CTR02A0058_003  -0.025  -2.813  -2.837
CTR02A0058_004   0.126  -2.877  -2.750
CTR-1A0058_005   0.000  -2.758  -2.758
